Archive member included to satisfy reference by file (symbol)

/home/manraj/.pico-sdk/toolchain/13_2_Rel1/bin/../lib/gcc/arm-none-eabi/13.2.1/thumb/v6-m/nofp/libgcc.a(_dvmd_tls.o)
                              CMakeFiles/mpu6050_i2c.dir/home/manraj/.pico-sdk/sdk/2.0.0/src/rp2_common/pico_divider/divider_hardware.S.obj (__aeabi_idiv0)
/home/manraj/.pico-sdk/toolchain/13_2_Rel1/bin/../lib/gcc/arm-none-eabi/13.2.1/../../../../arm-none-eabi/lib/thumb/v6-m/nofp/libg.a(libc_a-lcltime_r.o)
                              CMakeFiles/mpu6050_i2c.dir/home/manraj/.pico-sdk/sdk/2.0.0/src/common/pico_util/datetime.c.obj (localtime_r)
/home/manraj/.pico-sdk/toolchain/13_2_Rel1/bin/../lib/gcc/arm-none-eabi/13.2.1/../../../../arm-none-eabi/lib/thumb/v6-m/nofp/libg.a(libc_a-mktime.o)
                              CMakeFiles/mpu6050_i2c.dir/home/manraj/.pico-sdk/sdk/2.0.0/src/common/pico_util/datetime.c.obj (mktime)
/home/manraj/.pico-sdk/toolchain/13_2_Rel1/bin/../lib/gcc/arm-none-eabi/13.2.1/../../../../arm-none-eabi/lib/thumb/v6-m/nofp/libg.a(libc_a-month_lengths.o)
                              /home/manraj/.pico-sdk/toolchain/13_2_Rel1/bin/../lib/gcc/arm-none-eabi/13.2.1/../../../../arm-none-eabi/lib/thumb/v6-m/nofp/libg.a(libc_a-lcltime_r.o) (__month_lengths)
/home/manraj/.pico-sdk/toolchain/13_2_Rel1/bin/../lib/gcc/arm-none-eabi/13.2.1/../../../../arm-none-eabi/lib/thumb/v6-m/nofp/libg.a(libc_a-tzcalc_limits.o)
                              /home/manraj/.pico-sdk/toolchain/13_2_Rel1/bin/../lib/gcc/arm-none-eabi/13.2.1/../../../../arm-none-eabi/lib/thumb/v6-m/nofp/libg.a(libc_a-lcltime_r.o) (__tzcalc_limits)
/home/manraj/.pico-sdk/toolchain/13_2_Rel1/bin/../lib/gcc/arm-none-eabi/13.2.1/../../../../arm-none-eabi/lib/thumb/v6-m/nofp/libg.a(libc_a-tzlock.o)
                              /home/manraj/.pico-sdk/toolchain/13_2_Rel1/bin/../lib/gcc/arm-none-eabi/13.2.1/../../../../arm-none-eabi/lib/thumb/v6-m/nofp/libg.a(libc_a-lcltime_r.o) (__tz_lock)
/home/manraj/.pico-sdk/toolchain/13_2_Rel1/bin/../lib/gcc/arm-none-eabi/13.2.1/../../../../arm-none-eabi/lib/thumb/v6-m/nofp/libg.a(libc_a-malloc.o)
                              CMakeFiles/mpu6050_i2c.dir/home/manraj/.pico-sdk/sdk/2.0.0/src/rp2_common/pico_malloc/malloc.c.obj (malloc)
/home/manraj/.pico-sdk/toolchain/13_2_Rel1/bin/../lib/gcc/arm-none-eabi/13.2.1/../../../../arm-none-eabi/lib/thumb/v6-m/nofp/libg.a(libc_a-mallocr.o)
                              /home/manraj/.pico-sdk/toolchain/13_2_Rel1/bin/../lib/gcc/arm-none-eabi/13.2.1/../../../../arm-none-eabi/lib/thumb/v6-m/nofp/libg.a(libc_a-malloc.o) (_malloc_r)
/home/manraj/.pico-sdk/toolchain/13_2_Rel1/bin/../lib/gcc/arm-none-eabi/13.2.1/../../../../arm-none-eabi/lib/thumb/v6-m/nofp/libg.a(libc_a-memcmp.o)
                              CMakeFiles/mpu6050_i2c.dir/home/manraj/.pico-sdk/sdk/2.0.0/src/rp2_common/pico_atomic/atomic.c.obj (memcmp)
/home/manraj/.pico-sdk/toolchain/13_2_Rel1/bin/../lib/gcc/arm-none-eabi/13.2.1/../../../../arm-none-eabi/lib/thumb/v6-m/nofp/libg.a(libc_a-tzset.o)
                              /home/manraj/.pico-sdk/toolchain/13_2_Rel1/bin/../lib/gcc/arm-none-eabi/13.2.1/../../../../arm-none-eabi/lib/thumb/v6-m/nofp/libg.a(libc_a-lcltime_r.o) (_tzset_unlocked)
/home/manraj/.pico-sdk/toolchain/13_2_Rel1/bin/../lib/gcc/arm-none-eabi/13.2.1/../../../../arm-none-eabi/lib/thumb/v6-m/nofp/libg.a(libc_a-tzset_r.o)
                              /home/manraj/.pico-sdk/toolchain/13_2_Rel1/bin/../lib/gcc/arm-none-eabi/13.2.1/../../../../arm-none-eabi/lib/thumb/v6-m/nofp/libg.a(libc_a-tzset.o) (_tzset_unlocked_r)
/home/manraj/.pico-sdk/toolchain/13_2_Rel1/bin/../lib/gcc/arm-none-eabi/13.2.1/../../../../arm-none-eabi/lib/thumb/v6-m/nofp/libg.a(libc_a-init.o)
                              /home/manraj/.pico-sdk/toolchain/13_2_Rel1/bin/../lib/gcc/arm-none-eabi/13.2.1/../../../../arm-none-eabi/lib/thumb/v6-m/nofp/crt0.o (__libc_init_array)
/home/manraj/.pico-sdk/toolchain/13_2_Rel1/bin/../lib/gcc/arm-none-eabi/13.2.1/../../../../arm-none-eabi/lib/thumb/v6-m/nofp/libg.a(libc_a-tzvars.o)
                              /home/manraj/.pico-sdk/toolchain/13_2_Rel1/bin/../lib/gcc/arm-none-eabi/13.2.1/../../../../arm-none-eabi/lib/thumb/v6-m/nofp/libg.a(libc_a-tzset_r.o) (_timezone)
/home/manraj/.pico-sdk/toolchain/13_2_Rel1/bin/../lib/gcc/arm-none-eabi/13.2.1/../../../../arm-none-eabi/lib/thumb/v6-m/nofp/libg.a(libc_a-lock.o)
                              /home/manraj/.pico-sdk/toolchain/13_2_Rel1/bin/../lib/gcc/arm-none-eabi/13.2.1/../../../../arm-none-eabi/lib/thumb/v6-m/nofp/libg.a(libc_a-tzlock.o) (__retarget_lock_acquire)
/home/manraj/.pico-sdk/toolchain/13_2_Rel1/bin/../lib/gcc/arm-none-eabi/13.2.1/../../../../arm-none-eabi/lib/thumb/v6-m/nofp/libg.a(libc_a-sysconf.o)
                              /home/manraj/.pico-sdk/toolchain/13_2_Rel1/bin/../lib/gcc/arm-none-eabi/13.2.1/../../../../arm-none-eabi/lib/thumb/v6-m/nofp/libg.a(libc_a-mallocr.o) (sysconf)
[...]
Memory Configuration

Name             Origin             Length             Attributes
FLASH            0x10000000         0x00200000         xr
RAM              0x20000000         0x00040000         xrw
SCRATCH_X        0x20040000         0x00001000         xrw
SCRATCH_Y        0x20041000         0x00001000         xrw
*default*        0x00000000         0xffffffff

Linker script and memory map

LOAD /home/manraj/.pico-sdk/toolchain/13_2_Rel1/bin/../lib/gcc/arm-none-eabi/13.2.1/thumb/v6-m/nofp/crti.o
LOAD /home/manraj/.pico-sdk/toolchain/13_2_Rel1/bin/../lib/gcc/arm-none-eabi/13.2.1/thumb/v6-m/nofp/crtbegin.o
LOAD /home/manraj/.pico-sdk/toolchain/13_2_Rel1/bin/../lib/gcc/arm-none-eabi/13.2.1/../../../../arm-none-eabi/lib/thumb/v6-m/nofp/crt0.o

.flash_begin    0x10000000        0x0
                0x10000000                        __flash_binary_start = .

.boot2          0x10000000      0x100
                0x10000000                        __boot2_start__ = .
 *(.boot2)
 .boot2         0x10000000      0x100 /tmp/ccShd4bt.o
                0x10000100                        __boot2_end__ = .
                0x00000001                        ASSERT (((__boot2_end__ - __boot2_start__) == 0x100), ERROR: Pico second stage bootloader must be 256 bytes in size)

.text           0x10000100     0x3d30
                0x10000100                        __logical_binary_start = .
 *(.vectors)
 .vectors       0x10000100       0xd4 CMakeFiles/mpu6050_i2c.dir/home/manraj/.pico-sdk/sdk/2.0.0/src/rp2_common/pico_crt0/crt0.S.obj
                0x10000100                __vectors
                0x10000100                __VECTOR_TABLE
                0x100001c0                isr_invalid
                0x100001c0                __default_isrs_start
                0x100001c2                isr_nmi
                0x100001c4                isr_hardfault
                0x100001c6                isr_svcall
                0x100001c8                isr_pendsv
                0x100001ca                isr_systick
                0x100001cc                isr_irq30
                0x100001cc                __unhandled_user_irq
                0x100001cc                isr_irq13
                0x100001cc                isr_irq27
                0x100001cc                isr_irq31
                0x100001cc                isr_irq5
                0x100001cc                isr_irq11
                0x100001cc                isr_irq23
                0x100001cc                isr_irq18
                0x100001cc                isr_irq28
                0x100001cc                isr_irq19
                0x100001cc                isr_irq0
                0x100001cc                isr_irq6
                0x100001cc                isr_irq22
                0x100001cc                isr_irq17
                0x100001cc                isr_irq14
                0x100001cc                isr_irq2
                0x100001cc                isr_irq10
                0x100001cc                isr_irq8
                0x100001cc                isr_irq24
                0x100001cc                isr_irq1
                0x100001cc                isr_irq7
                0x100001cc                isr_irq21
                0x100001cc                isr_irq20
                0x100001cc                isr_irq15
                0x100001cc                isr_irq25
                0x100001cc                isr_irq4
                0x100001cc                isr_irq16
                0x100001cc                isr_irq29
                0x100001cc                isr_irq26
                0x100001cc                __default_isrs_end
                0x100001cc                isr_irq3
                0x100001cc                isr_irq12
                0x100001cc                isr_irq9
                0x100001d2                unhandled_user_irq_num_in_r0
 *(.binary_info_header)
 .binary_info_header
                0x100001d4       0x14 CMakeFiles/mpu6050_i2c.dir/home/manraj/.pico-sdk/sdk/2.0.0/src/rp2_common/pico_crt0/crt0.S.obj
                0x100001e8                        __binary_info_header_end = .
 *(.embedded_block)
                0x100001e8                        __embedded_block_end = .
 *(.reset)
 .reset         0x100001e8       0x9c CMakeFiles/mpu6050_i2c.dir/home/manraj/.pico-sdk/sdk/2.0.0/src/rp2_common/pico_crt0/crt0.S.obj
                0x100001e8                _entry_point
 *(.init)
 .init          0x10000284        0x4 /home/manraj/.pico-sdk/toolchain/13_2_Rel1/bin/../lib/gcc/arm-none-eabi/13.2.1/thumb/v6-m/nofp/crti.o
                0x10000284                _init
 *(EXCLUDE_FILE(*libm.a: *libc.a:*lib_a-mem*.o *libgcc.a:) .text*)
 .text.register_tm_clones
                0x10000288       0x28 /home/manraj/.pico-sdk/toolchain/13_2_Rel1/bin/../lib/gcc/arm-none-eabi/13.2.1/thumb/v6-m/nofp/crtbegin.o
 .text.frame_dummy
                0x100002b0       0x24 /home/manraj/.pico-sdk/toolchain/13_2_Rel1/bin/../lib/gcc/arm-none-eabi/13.2.1/thumb/v6-m/nofp/crtbegin.o
 .text.mpu6050_reset
                0x100002d4       0x44 CMakeFiles/mpu6050_i2c.dir/mpu6050_i2c.c.obj
                0x100002d4                mpu6050_reset
 .text.mpu6050_configure
                0x10000318       0x50 CMakeFiles/mpu6050_i2c.dir/mpu6050_i2c.c.obj
                0x10000318                mpu6050_configure
 .text.mpu6050_read_raw
                0x10000368       0x8c CMakeFiles/mpu6050_i2c.dir/mpu6050_i2c.c.obj
                0x10000368                mpu6050_read_raw
 .text.main     0x100003f4      0x1d4 CMakeFiles/mpu6050_i2c.dir/mpu6050_i2c.c.obj
                0x100003f4                main
 .text.gpio_set_function
                0x100005c8       0x34 CMakeFiles/mpu6050_i2c.dir/home/manraj/.pico-sdk/sdk/2.0.0/src/rp2_common/hardware_gpio/gpio.c.obj
                0x100005c8                gpio_set_function
 .text.gpio_set_pulls
                0x100005fc       0x38 CMakeFiles/mpu6050_i2c.dir/home/manraj/.pico-sdk/sdk/2.0.0/src/rp2_common/hardware_gpio/gpio.c.obj
                0x100005fc                gpio_set_pulls
 .text.panic    0x10000634       0x30 CMakeFiles/mpu6050_i2c.dir/home/manraj/.pico-sdk/sdk/2.0.0/src/rp2_common/pico_platform_panic/panic.c.obj
                0x10000634                panic
 .text.hw_claim_lock
                0x10000664       0x18 CMakeFiles/mpu6050_i2c.dir/home/manraj/.pico-sdk/sdk/2.0.0/src/common/hardware_claim/claim.c.obj
                0x10000664                hw_claim_lock
 .text.hw_claim_unlock
                0x1000067c       0x14 CMakeFiles/mpu6050_i2c.dir/home/manraj/.pico-sdk/sdk/2.0.0/src/common/hardware_claim/claim.c.obj
                0x1000067c                hw_claim_unlock
 .text.hw_claim_or_assert
                0x10000690       0x32 CMakeFiles/mpu6050_i2c.dir/home/manraj/.pico-sdk/sdk/2.0.0/src/common/hardware_claim/claim.c.obj
                0x10000690                hw_claim_or_assert
 *fill*         0x100006c2        0x2 
 .text.next_striped_spin_lock_num
                0x100006c4       0x1c CMakeFiles/mpu6050_i2c.dir/home/manraj/.pico-sdk/sdk/2.0.0/src/rp2_common/hardware_sync/sync.c.obj
                0x100006c4                next_striped_spin_lock_num
 .text.spin_locks_reset
                0x100006e0       0x20 CMakeFiles/mpu6050_i2c.dir/home/manraj/.pico-sdk/sdk/2.0.0/src/rp2_common/hardware_sync_spin_lock/sync_spin_lock.c.obj
                0x100006e0                spin_locks_reset
 .text.set_raw_irq_handler_and_unlock
                0x10000700       0x28 CMakeFiles/mpu6050_i2c.dir/home/manraj/.pico-sdk/sdk/2.0.0/src/rp2_common/hardware_irq/irq.c.obj
 .text.nvic_ipr0
                0x10000728        0x8 CMakeFiles/mpu6050_i2c.dir/home/manraj/.pico-sdk/sdk/2.0.0/src/rp2_common/hardware_irq/irq.c.obj
 .text.runtime_init_per_core_irq_priorities
                0x10000730       0x1c CMakeFiles/mpu6050_i2c.dir/home/manraj/.pico-sdk/sdk/2.0.0/src/rp2_common/hardware_irq/irq.c.obj
                0x10000730                runtime_init_per_core_irq_priorities
 .text.resolve_j_16
                0x1000074c       0x30 CMakeFiles/mpu6050_i2c.dir/home/manraj/.pico-sdk/sdk/2.0.0/src/rp2_common/hardware_irq/irq.c.obj
 .text.make_j_16
                0x1000077c       0x48 CMakeFiles/mpu6050_i2c.dir/home/manraj/.pico-sdk/sdk/2.0.0/src/rp2_common/hardware_irq/irq.c.obj
 .text.insert_bl_32
                0x100007c4       0x40 CMakeFiles/mpu6050_i2c.dir/home/manraj/.pico-sdk/sdk/2.0.0/src/rp2_common/hardware_irq/irq.c.obj
 .text.irq_is_enabled
                0x10000804       0x18 CMakeFiles/mpu6050_i2c.dir/home/manraj/.pico-sdk/sdk/2.0.0/src/rp2_common/hardware_irq/irq.c.obj
                0x10000804                irq_is_enabled
 .text.irq_set_mask_n_enabled
                0x1000081c       0x1c CMakeFiles/mpu6050_i2c.dir/home/manraj/.pico-sdk/sdk/2.0.0/src/rp2_common/hardware_irq/irq.c.obj
                0x1000081c                irq_set_mask_n_enabled
 .text.irq_set_enabled
                0x10000838       0x14 CMakeFiles/mpu6050_i2c.dir/home/manraj/.pico-sdk/sdk/2.0.0/src/rp2_common/hardware_irq/irq.c.obj
                0x10000838                irq_set_enabled
 .text.irq_get_vtable_handler
                0x1000084c       0x10 CMakeFiles/mpu6050_i2c.dir/home/manraj/.pico-sdk/sdk/2.0.0/src/rp2_common/hardware_irq/irq.c.obj
                0x1000084c                irq_get_vtable_handler
 .text.irq_set_exclusive_handler
                0x1000085c       0x54 CMakeFiles/mpu6050_i2c.dir/home/manraj/.pico-sdk/sdk/2.0.0/src/rp2_common/hardware_irq/irq.c.obj
                0x1000085c                irq_set_exclusive_handler
 .text.irq_remove_handler
                0x100008b0      0x18c CMakeFiles/mpu6050_i2c.dir/home/manraj/.pico-sdk/sdk/2.0.0/src/rp2_common/hardware_irq/irq.c.obj
                0x100008b0                irq_remove_handler
 .text.irq_add_tail_to_free_list
                0x10000a3c       0xf4 CMakeFiles/mpu6050_i2c.dir/home/manraj/.pico-sdk/sdk/2.0.0/src/rp2_common/hardware_irq/irq.c.obj
                0x10000a3c                irq_add_tail_to_free_list
 .text.lock_init
                0x10000b30       0x10 CMakeFiles/mpu6050_i2c.dir/home/manraj/.pico-sdk/sdk/2.0.0/src/common/pico_sync/lock_core.c.obj
                0x10000b30                lock_init
 .text.mutex_init
                0x10000b40       0x1a CMakeFiles/mpu6050_i2c.dir/home/manraj/.pico-sdk/sdk/2.0.0/src/common/pico_sync/mutex.c.obj
                0x10000b40                mutex_init
 .text.recursive_mutex_init
                0x10000b5a       0x1e CMakeFiles/mpu6050_i2c.dir/home/manraj/.pico-sdk/sdk/2.0.0/src/common/pico_sync/mutex.c.obj
                0x10000b5a                recursive_mutex_init
 .text.runtime_init_mutex
                0x10000b78       0x4c CMakeFiles/mpu6050_i2c.dir/home/manraj/.pico-sdk/sdk/2.0.0/src/common/pico_sync/mutex.c.obj
                0x10000b78                runtime_init_mutex
 .text.make_alarm_id
                0x10000bc4        0x6 CMakeFiles/mpu6050_i2c.dir/home/manraj/.pico-sdk/sdk/2.0.0/src/common/pico_time/time.c.obj
 *fill*         0x10000bca        0x2 
 .text.sleep_until_callback
                0x10000bcc       0x30 CMakeFiles/mpu6050_i2c.dir/home/manraj/.pico-sdk/sdk/2.0.0/src/common/pico_time/time.c.obj
 .text.alarm_pool_irq_handler
                0x10000bfc      0x2e0 CMakeFiles/mpu6050_i2c.dir/home/manraj/.pico-sdk/sdk/2.0.0/src/common/pico_time/time.c.obj
 .text.ta_enable_irq_handler
                0x10000edc       0x2c CMakeFiles/mpu6050_i2c.dir/home/manraj/.pico-sdk/sdk/2.0.0/src/common/pico_time/time.c.obj
 .text.alarm_pool_post_alloc_init
                0x10000f08       0x78 CMakeFiles/mpu6050_i2c.dir/home/manraj/.pico-sdk/sdk/2.0.0/src/common/pico_time/time.c.obj
 .text.alarm_pool_get_default
                0x10000f80       0x2c CMakeFiles/mpu6050_i2c.dir/home/manraj/.pico-sdk/sdk/2.0.0/src/common/pico_time/time.c.obj
                0x10000f80                alarm_pool_get_default
 .text.alarm_pool_add_alarm_at_force_in_context
                0x10000fac       0xa4 CMakeFiles/mpu6050_i2c.dir/home/manraj/.pico-sdk/sdk/2.0.0/src/common/pico_time/time.c.obj
                0x10000fac                alarm_pool_add_alarm_at_force_in_context
 .text.alarm_pool_add_alarm_at
                0x10001050       0x3c CMakeFiles/mpu6050_i2c.dir/home/manraj/.pico-sdk/sdk/2.0.0/src/common/pico_time/time.c.obj
                0x10001050                alarm_pool_add_alarm_at
 .text.add_alarm_at
                0x1000108c       0x2e CMakeFiles/mpu6050_i2c.dir/home/manraj/.pico-sdk/sdk/2.0.0/src/common/pico_time/time.c.obj
 *fill*         0x100010ba        0x2 
 .text.alarm_pool_cancel_alarm
                0x100010bc       0x78 CMakeFiles/mpu6050_i2c.dir/home/manraj/.pico-sdk/sdk/2.0.0/src/common/pico_time/time.c.obj
                0x100010bc                alarm_pool_cancel_alarm
 .text.cancel_alarm
                0x10001134       0x10 CMakeFiles/mpu6050_i2c.dir/home/manraj/.pico-sdk/sdk/2.0.0/src/common/pico_time/time.c.obj
 .text.sleep_until
                0x10001144       0xc0 CMakeFiles/mpu6050_i2c.dir/home/manraj/.pico-sdk/sdk/2.0.0/src/common/pico_time/time.c.obj
                0x10001144                sleep_until
 .text.sleep_us
                0x10001204       0x24 CMakeFiles/mpu6050_i2c.dir/home/manraj/.pico-sdk/sdk/2.0.0/src/common/pico_time/time.c.obj
                0x10001204                sleep_us
 .text.sleep_ms
                0x10001228       0x14 CMakeFiles/mpu6050_i2c.dir/home/manraj/.pico-sdk/sdk/2.0.0/src/common/pico_time/time.c.obj
                0x10001228                sleep_ms
 .text.best_effort_wfe_or_timeout
                0x1000123c       0xc4 CMakeFiles/mpu6050_i2c.dir/home/manraj/.pico-sdk/sdk/2.0.0/src/common/pico_time/time.c.obj
                0x1000123c                best_effort_wfe_or_timeout
 .text.alarm_pool_get_default_timer
                0x10001300        0x8 CMakeFiles/mpu6050_i2c.dir/home/manraj/.pico-sdk/sdk/2.0.0/src/common/pico_time/time.c.obj
                0x10001300                alarm_pool_get_default_timer
 .text.runtime_init_default_alarm_pool
                0x10001308       0x38 CMakeFiles/mpu6050_i2c.dir/home/manraj/.pico-sdk/sdk/2.0.0/src/common/pico_time/time.c.obj
                0x10001308                runtime_init_default_alarm_pool
 .text.timer_hardware_alarm_claim
                0x10001340       0x14 CMakeFiles/mpu6050_i2c.dir/home/manraj/.pico-sdk/sdk/2.0.0/src/rp2_common/hardware_timer/timer.c.obj
                0x10001340                timer_hardware_alarm_claim
 .text.timer_time_us_64
                0x10001354       0x10 CMakeFiles/mpu6050_i2c.dir/home/manraj/.pico-sdk/sdk/2.0.0/src/rp2_common/hardware_timer/timer.c.obj
                0x10001354                timer_time_us_64
 .text.timer_busy_wait_until
                0x10001364       0x1a CMakeFiles/mpu6050_i2c.dir/home/manraj/.pico-sdk/sdk/2.0.0/src/rp2_common/hardware_timer/timer.c.obj
                0x10001364                timer_busy_wait_until
 .text.timer_busy_wait_us
                0x1000137e       0x38 CMakeFiles/mpu6050_i2c.dir/home/manraj/.pico-sdk/sdk/2.0.0/src/rp2_common/hardware_timer/timer.c.obj
                0x1000137e                timer_busy_wait_us
 *fill*         0x100013b6        0x2 
 .text.time_us_64
                0x100013b8       0x10 CMakeFiles/mpu6050_i2c.dir/home/manraj/.pico-sdk/sdk/2.0.0/src/rp2_common/hardware_timer/timer.c.obj
                0x100013b8                time_us_64
 .text.busy_wait_us
                0x100013c8       0x14 CMakeFiles/mpu6050_i2c.dir/home/manraj/.pico-sdk/sdk/2.0.0/src/rp2_common/hardware_timer/timer.c.obj
                0x100013c8                busy_wait_us
 .text.busy_wait_until
                0x100013dc       0x14 CMakeFiles/mpu6050_i2c.dir/home/manraj/.pico-sdk/sdk/2.0.0/src/rp2_common/hardware_timer/timer.c.obj
                0x100013dc                busy_wait_until
 .text.uart_unreset
                0x100013f0       0x2c CMakeFiles/mpu6050_i2c.dir/home/manraj/.pico-sdk/sdk/2.0.0/src/rp2_common/hardware_uart/uart.c.obj
 .text.uart_disable_before_lcr_write
                0x1000141c       0x48 CMakeFiles/mpu6050_i2c.dir/home/manraj/.pico-sdk/sdk/2.0.0/src/rp2_common/hardware_uart/uart.c.obj
 .text.uart_write_lcr_bits_masked
                0x10001464       0x20 CMakeFiles/mpu6050_i2c.dir/home/manraj/.pico-sdk/sdk/2.0.0/src/rp2_common/hardware_uart/uart.c.obj
 .text.uart_set_baudrate
                0x10001484       0x5c CMakeFiles/mpu6050_i2c.dir/home/manraj/.pico-sdk/sdk/2.0.0/src/rp2_common/hardware_uart/uart.c.obj
                0x10001484                uart_set_baudrate
 .text.uart_set_translate_crlf
                0x100014e0       0x28 CMakeFiles/mpu6050_i2c.dir/home/manraj/.pico-sdk/sdk/2.0.0/src/rp2_common/hardware_uart/uart.c.obj
                0x100014e0                uart_set_translate_crlf
 .text.uart_init
                0x10001508       0x64 CMakeFiles/mpu6050_i2c.dir/home/manraj/.pico-sdk/sdk/2.0.0/src/rp2_common/hardware_uart/uart.c.obj
                0x10001508                uart_init
 .text.clock_configure_internal
                0x1000156c       0xc4 CMakeFiles/mpu6050_i2c.dir/home/manraj/.pico-sdk/sdk/2.0.0/src/rp2_common/hardware_clocks/clocks.c.obj
 .text.clock_configure_int_divider
                0x10001630       0x28 CMakeFiles/mpu6050_i2c.dir/home/manraj/.pico-sdk/sdk/2.0.0/src/rp2_common/hardware_clocks/clocks.c.obj
                0x10001630                clock_configure_int_divider
 .text.clock_configure_undivided
                0x10001658       0x12 CMakeFiles/mpu6050_i2c.dir/home/manraj/.pico-sdk/sdk/2.0.0/src/rp2_common/hardware_clocks/clocks.c.obj
                0x10001658                clock_configure_undivided
 *fill*         0x1000166a        0x2 
 .text.clock_get_hz
                0x1000166c        0xc CMakeFiles/mpu6050_i2c.dir/home/manraj/.pico-sdk/sdk/2.0.0/src/rp2_common/hardware_clocks/clocks.c.obj
                0x1000166c                clock_get_hz
 .text.pll_init
                0x10001678      0x124 CMakeFiles/mpu6050_i2c.dir/home/manraj/.pico-sdk/sdk/2.0.0/src/rp2_common/hardware_pll/pll.c.obj
                0x10001678                pll_init
 .text.tick_start
                0x1000179c       0x10 CMakeFiles/mpu6050_i2c.dir/home/manraj/.pico-sdk/sdk/2.0.0/src/rp2_common/hardware_ticks/ticks.c.obj
                0x1000179c                tick_start
 .text.xosc_init
                0x100017ac       0x28 CMakeFiles/mpu6050_i2c.dir/home/manraj/.pico-sdk/sdk/2.0.0/src/rp2_common/hardware_xosc/xosc.c.obj
                0x100017ac                xosc_init
 .text.runtime_run_initializers_from
                0x100017d4       0x18 CMakeFiles/mpu6050_i2c.dir/home/manraj/.pico-sdk/sdk/2.0.0/src/rp2_common/pico_runtime/runtime.c.obj
 .text.first_per_core_initializer
                0x100017ec        0x2 CMakeFiles/mpu6050_i2c.dir/home/manraj/.pico-sdk/sdk/2.0.0/src/rp2_common/pico_runtime/runtime.c.obj
 *fill*         0x100017ee        0x2 
 .text.runtime_run_initializers
                0x100017f0       0x10 CMakeFiles/mpu6050_i2c.dir/home/manraj/.pico-sdk/sdk/2.0.0/src/rp2_common/pico_runtime/runtime.c.obj
                0x100017f0                runtime_run_initializers
 .text.runtime_init_early_resets
                0x10001800       0x2c CMakeFiles/mpu6050_i2c.dir/home/manraj/.pico-sdk/sdk/2.0.0/src/rp2_common/pico_runtime_init/runtime_init.c.obj
                0x10001800                runtime_init_early_resets
 .text.runtime_init_usb_power_down
                0x1000182c       0x1c CMakeFiles/mpu6050_i2c.dir/home/manraj/.pico-sdk/sdk/2.0.0/src/rp2_common/pico_runtime_init/runtime_init.c.obj
                0x1000182c                runtime_init_usb_power_down
 .text.runtime_init_post_clock_resets
                0x10001848       0x20 CMakeFiles/mpu6050_i2c.dir/home/manraj/.pico-sdk/sdk/2.0.0/src/rp2_common/pico_runtime_init/runtime_init.c.obj
                0x10001848                runtime_init_post_clock_resets
 .text.runtime_init_rp2040_gpio_ie_disable
                0x10001868       0x14 CMakeFiles/mpu6050_i2c.dir/home/manraj/.pico-sdk/sdk/2.0.0/src/rp2_common/pico_runtime_init/runtime_init.c.obj
                0x10001868                runtime_init_rp2040_gpio_ie_disable
 .text.runtime_init_spin_locks_reset
                0x1000187c        0x8 CMakeFiles/mpu6050_i2c.dir/home/manraj/.pico-sdk/sdk/2.0.0/src/rp2_common/pico_runtime_init/runtime_init.c.obj
                0x1000187c                runtime_init_spin_locks_reset
 .text.runtime_init_install_ram_vector_table
                0x10001884       0x1c CMakeFiles/mpu6050_i2c.dir/home/manraj/.pico-sdk/sdk/2.0.0/src/rp2_common/pico_runtime_init/runtime_init.c.obj
                0x10001884                runtime_init_install_ram_vector_table
 .text.start_all_ticks
                0x100018a0       0x28 CMakeFiles/mpu6050_i2c.dir/home/manraj/.pico-sdk/sdk/2.0.0/src/rp2_common/pico_runtime_init/runtime_init_clocks.c.obj
 .text.runtime_init_clocks
                0x100018c8       0xcc CMakeFiles/mpu6050_i2c.dir/home/manraj/.pico-sdk/sdk/2.0.0/src/rp2_common/pico_runtime_init/runtime_init_clocks.c.obj
                0x100018c8                runtime_init_clocks
 .text          0x10001994       0x10 CMakeFiles/mpu6050_i2c.dir/home/manraj/.pico-sdk/sdk/2.0.0/src/rp2_common/pico_bit_ops/bit_ops_aeabi.S.obj
 .text.rom_func_lookup
                0x100019a4       0x10 CMakeFiles/mpu6050_i2c.dir/home/manraj/.pico-sdk/sdk/2.0.0/src/rp2_common/pico_bootrom/bootrom.c.obj
                0x100019a4                rom_func_lookup
 .text.rom_data_lookup
                0x100019b4       0x10 CMakeFiles/mpu6050_i2c.dir/home/manraj/.pico-sdk/sdk/2.0.0/src/rp2_common/pico_bootrom/bootrom.c.obj
                0x100019b4                rom_data_lookup
 .text.rom_funcs_lookup
                0x100019c4       0x36 CMakeFiles/mpu6050_i2c.dir/home/manraj/.pico-sdk/sdk/2.0.0/src/rp2_common/pico_bootrom/bootrom.c.obj
                0x100019c4                rom_funcs_lookup
 *fill*         0x100019fa        0x2 
 .text.__wrap___aeabi_idiv
                0x100019fc       0x50 CMakeFiles/mpu6050_i2c.dir/home/manraj/.pico-sdk/sdk/2.0.0/src/rp2_common/pico_divider/divider_hardware.S.obj
                0x100019fc                __wrap___aeabi_idivmod
                0x100019fc                divmod_s32s32
                0x100019fc                div_s32s32
                0x100019fc                __wrap___aeabi_idiv
                0x10001a04                divmod_s32s32_unsafe
                0x10001a30                divmod_s32s32_savestate
 .text.__wrap___aeabi_uidiv
                0x10001a4c       0x4c CMakeFiles/mpu6050_i2c.dir/home/manraj/.pico-sdk/sdk/2.0.0/src/rp2_common/pico_divider/divider_hardware.S.obj
                0x10001a4c                __wrap___aeabi_uidiv
                0x10001a4c                __wrap___aeabi_uidivmod
                0x10001a4c                div_u32u32
                0x10001a4c                divmod_u32u32
                0x10001a54                divmod_u32u32_unsafe
                0x10001a7c                divmod_u32u32_savestate
 .text.__wrap___aeabi_ldiv
                0x10001a98      0x424 CMakeFiles/mpu6050_i2c.dir/home/manraj/.pico-sdk/sdk/2.0.0/src/rp2_common/pico_divider/divider_hardware.S.obj
                0x10001a98                div_s64s64
                0x10001a98                divmod_s64s64
                0x10001a98                __wrap___aeabi_ldivmod
                0x10001ac8                div_u64u64
                0x10001ac8                divmod_u64u64
                0x10001ac8                __wrap___aeabi_uldivmod
                0x10001ad8                divmod_u64u64_savestate
                0x10001af8                divmod_s64s64_unsafe
                0x10001b80                divmod_u64u64_unsafe
 .text.__wrap___aeabi_darithmetic
                0x10001ebc       0x60 CMakeFiles/mpu6050_i2c.dir/home/manraj/.pico-sdk/sdk/2.0.0/src/rp2_common/pico_double/double_aeabi_rp2040.S.obj
                0x10001ebc                __wrap___aeabi_drsub
                0x10001ec2                __wrap___aeabi_dsub
                0x10001ecc                __wrap___aeabi_dadd
                0x10001ed6                __wrap___aeabi_ddiv
                0x10001f0a                __wrap___aeabi_dmul
 .text.__wrap___aeabi_cdcmple
                0x10001f1c       0x6c CMakeFiles/mpu6050_i2c.dir/home/manraj/.pico-sdk/sdk/2.0.0/src/rp2_common/pico_double/double_aeabi_rp2040.S.obj
                0x10001f1c                __wrap___aeabi_cdrcmple
                0x10001f2c                __wrap___aeabi_cdcmple
                0x10001f2c                __wrap___aeabi_cdcmpeq
 .text.__wrap___aeabi_dcmplt
                0x10001f88        0xc CMakeFiles/mpu6050_i2c.dir/home/manraj/.pico-sdk/sdk/2.0.0/src/rp2_common/pico_double/double_aeabi_rp2040.S.obj
                0x10001f88                __wrap___aeabi_dcmplt
 .text.__wrap___aeabi_dcmple
                0x10001f94       0x10 CMakeFiles/mpu6050_i2c.dir/home/manraj/.pico-sdk/sdk/2.0.0/src/rp2_common/pico_double/double_aeabi_rp2040.S.obj
                0x10001f94                __wrap___aeabi_dcmple
 .text.__wrap___aeabi_dcmpge
                0x10001fa4       0x10 CMakeFiles/mpu6050_i2c.dir/home/manraj/.pico-sdk/sdk/2.0.0/src/rp2_common/pico_double/double_aeabi_rp2040.S.obj
                0x10001fa4                __wrap___aeabi_dcmpge
 .text.__wrap___aeabi_dcmpgt
                0x10001fb4        0xa CMakeFiles/mpu6050_i2c.dir/home/manraj/.pico-sdk/sdk/2.0.0/src/rp2_common/pico_double/double_aeabi_rp2040.S.obj
                0x10001fb4                __wrap___aeabi_dcmpgt
 .text.__wrap___aeabi_dcmpun
                0x10001fbe       0x18 CMakeFiles/mpu6050_i2c.dir/home/manraj/.pico-sdk/sdk/2.0.0/src/rp2_common/pico_double/double_aeabi_rp2040.S.obj
                0x10001fbe                __wrap___aeabi_dcmpun
 *fill*         0x10001fd6        0x2 
 .text.__wrap___aeabi_i2d
                0x10001fd8       0x38 CMakeFiles/mpu6050_i2c.dir/home/manraj/.pico-sdk/sdk/2.0.0/src/rp2_common/pico_double/double_aeabi_rp2040.S.obj
                0x10001fd8                __wrap___aeabi_ui2d
                0x10001fe0                __wrap___aeabi_i2d
 .text.__wrap___aeabi_d2iz
                0x10002010       0x48 CMakeFiles/mpu6050_i2c.dir/home/manraj/.pico-sdk/sdk/2.0.0/src/rp2_common/pico_double/double_aeabi_rp2040.S.obj
                0x10002010                __wrap___aeabi_d2iz
                0x10002010                double2int_z
 .text.__wrap___aeabi_d2uiz
                0x10002058       0x10 CMakeFiles/mpu6050_i2c.dir/home/manraj/.pico-sdk/sdk/2.0.0/src/rp2_common/pico_double/double_aeabi_rp2040.S.obj
                0x10002058                double2uint
                0x10002058                __wrap___aeabi_d2uiz
 .text.__wrap___aeabi_d2f
                0x10002068       0x10 CMakeFiles/mpu6050_i2c.dir/home/manraj/.pico-sdk/sdk/2.0.0/src/rp2_common/pico_double/double_aeabi_rp2040.S.obj
                0x10002068                __wrap___aeabi_d2f
 .text.missing_double_func_shim
                0x10002078        0xc CMakeFiles/mpu6050_i2c.dir/home/manraj/.pico-sdk/sdk/2.0.0/src/rp2_common/pico_double/double_init_rom_rp2040.c.obj
 .text.__aeabi_double_init
                0x10002084       0xd0 CMakeFiles/mpu6050_i2c.dir/home/manraj/.pico-sdk/sdk/2.0.0/src/rp2_common/pico_double/double_init_rom_rp2040.c.obj
                0x10002084                __aeabi_double_init
 .text.double_table_shim_on_use_helper
                0x10002154       0x34 CMakeFiles/mpu6050_i2c.dir/home/manraj/.pico-sdk/sdk/2.0.0/src/rp2_common/pico_double/double_v1_rom_shim_rp2040.S.obj
                0x10002154                double_table_shim_on_use_helper
 .text.__aeabi_lmul
                0x10002188       0x32 CMakeFiles/mpu6050_i2c.dir/home/manraj/.pico-sdk/sdk/2.0.0/src/rp2_common/pico_int64_ops/pico_int64_ops_aeabi.S.obj
                0x10002188                __wrap___aeabi_lmul
 *fill*         0x100021ba        0x2 
 .text.__wrap___aeabi_f2d
                0x100021bc        0xc CMakeFiles/mpu6050_i2c.dir/home/manraj/.pico-sdk/sdk/2.0.0/src/rp2_common/pico_float/float_aeabi_rp2040.S.obj
                0x100021bc                __wrap___aeabi_f2d
 .text.missing_float_func_shim
                0x100021c8        0xc CMakeFiles/mpu6050_i2c.dir/home/manraj/.pico-sdk/sdk/2.0.0/src/rp2_common/pico_float/float_init_rom_rp2040.c.obj
 .text.__aeabi_float_init
                0x100021d4       0x88 CMakeFiles/mpu6050_i2c.dir/home/manraj/.pico-sdk/sdk/2.0.0/src/rp2_common/pico_float/float_init_rom_rp2040.c.obj
                0x100021d4                __aeabi_float_init
 .text          0x1000225c       0x10 CMakeFiles/mpu6050_i2c.dir/home/manraj/.pico-sdk/sdk/2.0.0/src/rp2_common/pico_mem_ops/mem_ops_aeabi.S.obj
                0x1000225c                __aeabi_mem_init
 .text.memcpy   0x1000226c        0xc CMakeFiles/mpu6050_i2c.dir/home/manraj/.pico-sdk/sdk/2.0.0/src/rp2_common/pico_mem_ops/mem_ops_aeabi.S.obj
                0x1000226c                __wrap___aeabi_memcpy
                0x1000226c                __wrap_memcpy
 .text._out_null
                0x10002278        0x2 CMakeFiles/mpu6050_i2c.dir/home/manraj/.pico-sdk/sdk/2.0.0/src/rp2_common/pico_printf/printf.c.obj
 .text._out_fct
                0x1000227a        0xe CMakeFiles/mpu6050_i2c.dir/home/manraj/.pico-sdk/sdk/2.0.0/src/rp2_common/pico_printf/printf.c.obj
 .text._atoi    0x10002288       0x24 CMakeFiles/mpu6050_i2c.dir/home/manraj/.pico-sdk/sdk/2.0.0/src/rp2_common/pico_printf/printf.c.obj
 .text._out_rev
                0x100022ac       0xae CMakeFiles/mpu6050_i2c.dir/home/manraj/.pico-sdk/sdk/2.0.0/src/rp2_common/pico_printf/printf.c.obj
 .text._ntoa_format
                0x1000235a      0x110 CMakeFiles/mpu6050_i2c.dir/home/manraj/.pico-sdk/sdk/2.0.0/src/rp2_common/pico_printf/printf.c.obj
 .text._ntoa_long
                0x1000246a       0xbc CMakeFiles/mpu6050_i2c.dir/home/manraj/.pico-sdk/sdk/2.0.0/src/rp2_common/pico_printf/printf.c.obj
 .text._ntoa_long_long
                0x10002526      0x10e CMakeFiles/mpu6050_i2c.dir/home/manraj/.pico-sdk/sdk/2.0.0/src/rp2_common/pico_printf/printf.c.obj
 .text._etoa    0x10002634      0x420 CMakeFiles/mpu6050_i2c.dir/home/manraj/.pico-sdk/sdk/2.0.0/src/rp2_common/pico_printf/printf.c.obj
 .text._ftoa    0x10002a54      0x354 CMakeFiles/mpu6050_i2c.dir/home/manraj/.pico-sdk/sdk/2.0.0/src/rp2_common/pico_printf/printf.c.obj
 .text._vsnprintf
                0x10002da8      0x668 CMakeFiles/mpu6050_i2c.dir/home/manraj/.pico-sdk/sdk/2.0.0/src/rp2_common/pico_printf/printf.c.obj
 .text.vfctprintf
                0x10003410       0x20 CMakeFiles/mpu6050_i2c.dir/home/manraj/.pico-sdk/sdk/2.0.0/src/rp2_common/pico_printf/printf.c.obj
                0x10003410                vfctprintf
 .text._exit    0x10003430        0x4 CMakeFiles/mpu6050_i2c.dir/home/manraj/.pico-sdk/sdk/2.0.0/src/rp2_common/pico_clib_interface/newlib_interface.c.obj
                0x10003430                _exit
 .text.exit     0x10003434        0x6 CMakeFiles/mpu6050_i2c.dir/home/manraj/.pico-sdk/sdk/2.0.0/src/rp2_common/pico_clib_interface/newlib_interface.c.obj
                0x10003434                exit
 *fill*         0x1000343a        0x2 
 .text.__assert_func
                0x1000343c       0x38 CMakeFiles/mpu6050_i2c.dir/home/manraj/.pico-sdk/sdk/2.0.0/src/rp2_common/pico_clib_interface/newlib_interface.c.obj
                0x1000343c                __assert_func
 .text.runtime_init
                0x10003474       0x28 CMakeFiles/mpu6050_i2c.dir/home/manraj/.pico-sdk/sdk/2.0.0/src/rp2_common/pico_clib_interface/newlib_interface.c.obj
                0x10003474                runtime_init
 .text.stdio_out_chars_no_crlf
                0x1000349c        0xe CMakeFiles/mpu6050_i2c.dir/home/manraj/.pico-sdk/sdk/2.0.0/src/rp2_common/pico_stdio/stdio.c.obj
 *fill*         0x100034aa        0x2 
 .text.stdio_out_chars_crlf
                0x100034ac       0x80 CMakeFiles/mpu6050_i2c.dir/home/manraj/.pico-sdk/sdk/2.0.0/src/rp2_common/pico_stdio/stdio.c.obj
 .text.stdio_stack_buffer_flush
                0x1000352c       0x44 CMakeFiles/mpu6050_i2c.dir/home/manraj/.pico-sdk/sdk/2.0.0/src/rp2_common/pico_stdio/stdio.c.obj
 .text.stdio_buffered_printer
                0x10003570       0x20 CMakeFiles/mpu6050_i2c.dir/home/manraj/.pico-sdk/sdk/2.0.0/src/rp2_common/pico_stdio/stdio.c.obj
 .text.stdout_serialize_begin
                0x10003590       0x30 CMakeFiles/mpu6050_i2c.dir/home/manraj/.pico-sdk/sdk/2.0.0/src/rp2_common/pico_stdio/stdio.c.obj
                0x10003590                stdout_serialize_begin
 .text.stdout_serialize_end
                0x100035c0       0x10 CMakeFiles/mpu6050_i2c.dir/home/manraj/.pico-sdk/sdk/2.0.0/src/rp2_common/pico_stdio/stdio.c.obj
                0x100035c0                stdout_serialize_end
 .text.stdio_put_string
                0x100035d0       0x94 CMakeFiles/mpu6050_i2c.dir/home/manraj/.pico-sdk/sdk/2.0.0/src/rp2_common/pico_stdio/stdio.c.obj
                0x100035d0                stdio_put_string
 .text.stdio_set_driver_enabled
                0x10003664       0x2c CMakeFiles/mpu6050_i2c.dir/home/manraj/.pico-sdk/sdk/2.0.0/src/rp2_common/pico_stdio/stdio.c.obj
                0x10003664                stdio_set_driver_enabled
 .text.stdio_flush
                0x10003690       0x20 CMakeFiles/mpu6050_i2c.dir/home/manraj/.pico-sdk/sdk/2.0.0/src/rp2_common/pico_stdio/stdio.c.obj
                0x10003690                stdio_flush
 .text.stdio_init_all
                0x100036b0        0xa CMakeFiles/mpu6050_i2c.dir/home/manraj/.pico-sdk/sdk/2.0.0/src/rp2_common/pico_stdio/stdio.c.obj
                0x100036b0                stdio_init_all
 .text.__wrap_puts
                0x100036ba       0x1e CMakeFiles/mpu6050_i2c.dir/home/manraj/.pico-sdk/sdk/2.0.0/src/rp2_common/pico_stdio/stdio.c.obj
                0x100036ba                __wrap_puts
                0x100036ba                stdio_puts
 .text.__wrap_vprintf
                0x100036d8       0x40 CMakeFiles/mpu6050_i2c.dir/home/manraj/.pico-sdk/sdk/2.0.0/src/rp2_common/pico_stdio/stdio.c.obj
                0x100036d8                __wrap_vprintf
                0x100036d8                stdio_vprintf
 .text.__wrap_printf
                0x10003718       0x18 CMakeFiles/mpu6050_i2c.dir/home/manraj/.pico-sdk/sdk/2.0.0/src/rp2_common/pico_stdio/stdio.c.obj
                0x10003718                stdio_printf
                0x10003718                __wrap_printf
 .text.uart_putc
                0x10003730       0x60 CMakeFiles/mpu6050_i2c.dir/home/manraj/.pico-sdk/sdk/2.0.0/src/rp2_common/pico_stdio_uart/stdio_uart.c.obj
 .text.uart_getc
                0x10003790       0x24 CMakeFiles/mpu6050_i2c.dir/home/manraj/.pico-sdk/sdk/2.0.0/src/rp2_common/pico_stdio_uart/stdio_uart.c.obj
 .text.stdio_uart_out_chars
                0x100037b4       0x20 CMakeFiles/mpu6050_i2c.dir/home/manraj/.pico-sdk/sdk/2.0.0/src/rp2_common/pico_stdio_uart/stdio_uart.c.obj
 .text.stdio_uart_in_chars
                0x100037d4       0x5c CMakeFiles/mpu6050_i2c.dir/home/manraj/.pico-sdk/sdk/2.0.0/src/rp2_common/pico_stdio_uart/stdio_uart.c.obj
                0x100037d4                stdio_uart_in_chars
 .text.on_uart_rx
                0x10003830       0x28 CMakeFiles/mpu6050_i2c.dir/home/manraj/.pico-sdk/sdk/2.0.0/src/rp2_common/pico_stdio_uart/stdio_uart.c.obj
 .text.stdio_uart_out_flush
                0x10003858       0x10 CMakeFiles/mpu6050_i2c.dir/home/manraj/.pico-sdk/sdk/2.0.0/src/rp2_common/pico_stdio_uart/stdio_uart.c.obj
 .text.stdio_uart_set_chars_available_callback
                0x10003868       0x8c CMakeFiles/mpu6050_i2c.dir/home/manraj/.pico-sdk/sdk/2.0.0/src/rp2_common/pico_stdio_uart/stdio_uart.c.obj
 .text.stdio_uart_init_full
                0x100038f4       0x44 CMakeFiles/mpu6050_i2c.dir/home/manraj/.pico-sdk/sdk/2.0.0/src/rp2_common/pico_stdio_uart/stdio_uart.c.obj
                0x100038f4                stdio_uart_init_full
 .text.stdio_uart_init
                0x10003938       0x30 CMakeFiles/mpu6050_i2c.dir/home/manraj/.pico-sdk/sdk/2.0.0/src/rp2_common/pico_stdio_uart/stdio_uart.c.obj
                0x10003938                stdio_uart_init
 .text.i2c_unreset
                0x10003968       0x2c CMakeFiles/mpu6050_i2c.dir/home/manraj/.pico-sdk/sdk/2.0.0/src/rp2_common/hardware_i2c/i2c.c.obj
 .text.i2c_write_blocking_internal
                0x10003994      0x158 CMakeFiles/mpu6050_i2c.dir/home/manraj/.pico-sdk/sdk/2.0.0/src/rp2_common/hardware_i2c/i2c.c.obj
 .text.i2c_read_blocking_internal
                0x10003aec       0xee CMakeFiles/mpu6050_i2c.dir/home/manraj/.pico-sdk/sdk/2.0.0/src/rp2_common/hardware_i2c/i2c.c.obj
 *fill*         0x10003bda        0x2 
 .text.i2c_set_baudrate
                0x10003bdc       0xf0 CMakeFiles/mpu6050_i2c.dir/home/manraj/.pico-sdk/sdk/2.0.0/src/rp2_common/hardware_i2c/i2c.c.obj
                0x10003bdc                i2c_set_baudrate
 .text.i2c_init
                0x10003ccc       0x54 CMakeFiles/mpu6050_i2c.dir/home/manraj/.pico-sdk/sdk/2.0.0/src/rp2_common/hardware_i2c/i2c.c.obj
                0x10003ccc                i2c_init
 .text.i2c_write_blocking
                0x10003d20       0x18 CMakeFiles/mpu6050_i2c.dir/home/manraj/.pico-sdk/sdk/2.0.0/src/rp2_common/hardware_i2c/i2c.c.obj
                0x10003d20                i2c_write_blocking
 .text.i2c_read_blocking
                0x10003d38       0x18 CMakeFiles/mpu6050_i2c.dir/home/manraj/.pico-sdk/sdk/2.0.0/src/rp2_common/hardware_i2c/i2c.c.obj
                0x10003d38                i2c_read_blocking
 .text.strlen   0x10003d50       0x5c /home/manraj/.pico-sdk/toolchain/13_2_Rel1/bin/../lib/gcc/arm-none-eabi/13.2.1/../../../../arm-none-eabi/lib/thumb/v6-m/nofp/libg.a(libc_a-strlen-stub.o)
                0x10003d50                strlen
 *(.fini)
 .fini          0x10003dac        0x4 /home/manraj/.pico-sdk/toolchain/13_2_Rel1/bin/../lib/gcc/arm-none-eabi/13.2.1/thumb/v6-m/nofp/crti.o
                0x10003dac                _fini
 .fini.__stub   0x10003db0       0x40 linker stubs
 *crtbegin.o(.ctors)
 *crtbegin?.o(.ctors)
 *(EXCLUDE_FILE(*crtend.o *crtend?.o) .ctors)
 *(SORT_BY_NAME(.ctors.*))
 *(.ctors)
 *crtbegin.o(.dtors)
 *crtbegin?.o(.dtors)
 *(EXCLUDE_FILE(*crtend.o *crtend?.o) .dtors)
 *(SORT_BY_NAME(.dtors.*))
 *(.dtors)
                0x10003df0                        . = ALIGN (0x4)
                0x10003df0                        PROVIDE (__preinit_array_start = .)
 *(SORT_BY_NAME(.preinit_array.*))
 .preinit_array.00100
                0x10003df0        0x4 CMakeFiles/mpu6050_i2c.dir/home/manraj/.pico-sdk/sdk/2.0.0/src/rp2_common/pico_runtime_init/runtime_init.c.obj
                0x10003df0                __pre_init_runtime_init_early_resets
 .preinit_array.00101
                0x10003df4        0x4 CMakeFiles/mpu6050_i2c.dir/home/manraj/.pico-sdk/sdk/2.0.0/src/rp2_common/pico_runtime_init/runtime_init.c.obj
                0x10003df4                __pre_init_runtime_init_usb_power_down
 .preinit_array.00275
                0x10003df8        0x4 CMakeFiles/mpu6050_i2c.dir/home/manraj/.pico-sdk/sdk/2.0.0/src/rp2_common/pico_bit_ops/bit_ops_aeabi.S.obj
 .preinit_array.00300
                0x10003dfc        0x4 CMakeFiles/mpu6050_i2c.dir/home/manraj/.pico-sdk/sdk/2.0.0/src/rp2_common/pico_mem_ops/mem_ops_aeabi.S.obj
 .preinit_array.00350
                0x10003e00        0x4 CMakeFiles/mpu6050_i2c.dir/home/manraj/.pico-sdk/sdk/2.0.0/src/rp2_common/pico_double/double_aeabi_rp2040.S.obj
 .preinit_array.00350
                0x10003e04        0x4 CMakeFiles/mpu6050_i2c.dir/home/manraj/.pico-sdk/sdk/2.0.0/src/rp2_common/pico_float/float_aeabi_rp2040.S.obj
 .preinit_array.00500
                0x10003e08        0x4 CMakeFiles/mpu6050_i2c.dir/home/manraj/.pico-sdk/sdk/2.0.0/src/rp2_common/pico_runtime_init/runtime_init.c.obj
                0x10003e08                __pre_init_runtime_init_clocks
 .preinit_array.00600
                0x10003e0c        0x4 CMakeFiles/mpu6050_i2c.dir/home/manraj/.pico-sdk/sdk/2.0.0/src/rp2_common/pico_runtime_init/runtime_init.c.obj
                0x10003e0c                __pre_init_runtime_init_post_clock_resets
 .preinit_array.00700
                0x10003e10        0x4 CMakeFiles/mpu6050_i2c.dir/home/manraj/.pico-sdk/sdk/2.0.0/src/rp2_common/pico_runtime_init/runtime_init.c.obj
                0x10003e10                __pre_init_runtime_init_rp2040_gpio_ie_disable
 .preinit_array.01000
                0x10003e14        0x4 CMakeFiles/mpu6050_i2c.dir/home/manraj/.pico-sdk/sdk/2.0.0/src/rp2_common/pico_runtime_init/runtime_init.c.obj
                0x10003e14                __pre_init_runtime_init_spin_locks_reset
 .preinit_array.01100
                0x10003e18        0x4 CMakeFiles/mpu6050_i2c.dir/home/manraj/.pico-sdk/sdk/2.0.0/src/common/pico_sync/mutex.c.obj
                0x10003e18                __pre_init_runtime_init_mutex
 .preinit_array.10080
                0x10003e1c        0x4 CMakeFiles/mpu6050_i2c.dir/home/manraj/.pico-sdk/sdk/2.0.0/src/rp2_common/pico_runtime_init/runtime_init.c.obj
                0x10003e1c                __pre_init_runtime_init_install_ram_vector_table
 .preinit_array.11000
                0x10003e20        0x4 CMakeFiles/mpu6050_i2c.dir/home/manraj/.pico-sdk/sdk/2.0.0/src/common/pico_time/time.c.obj
                0x10003e20                __pre_init_runtime_init_default_alarm_pool
 .preinit_array.YYYYY
                0x10003e24        0x4 CMakeFiles/mpu6050_i2c.dir/home/manraj/.pico-sdk/sdk/2.0.0/src/rp2_common/pico_runtime/runtime.c.obj
                0x10003e24                __pre_init_first_per_core_initializer
 .preinit_array.ZZZZZ.01200
                0x10003e28        0x4 CMakeFiles/mpu6050_i2c.dir/home/manraj/.pico-sdk/sdk/2.0.0/src/rp2_common/hardware_irq/irq.c.obj
                0x10003e28                __pre_init_runtime_init_per_core_irq_priorities
 *(.preinit_array)
                0x10003e2c                        PROVIDE (__preinit_array_end = .)
                0x10003e2c                        . = ALIGN (0x4)
                0x10003e2c                        PROVIDE (__init_array_start = .)
 *(SORT_BY_NAME(.init_array.*))
 *(.init_array)
 .init_array    0x10003e2c        0x4 /home/manraj/.pico-sdk/toolchain/13_2_Rel1/bin/../lib/gcc/arm-none-eabi/13.2.1/thumb/v6-m/nofp/crtbegin.o
                0x10003e30                        PROVIDE (__init_array_end = .)
                0x10003e30                        . = ALIGN (0x4)
                [!provide]                        PROVIDE (__fini_array_start = .)
 *(SORT_BY_NAME(.fini_array.*))
 *(.fini_array)
                [!provide]                        PROVIDE (__fini_array_end = .)
 *(.eh_frame*)
 .eh_frame      0x10003e30        0x0 /home/manraj/.pico-sdk/toolchain/13_2_Rel1/bin/../lib/gcc/arm-none-eabi/13.2.1/thumb/v6-m/nofp/crtbegin.o
                0x10003e30                        . = ALIGN (0x4)

.glue_7         0x10003e30        0x0
 .glue_7        0x10003e30        0x0 linker stubs

.glue_7t        0x10003e30        0x0
 .glue_7t       0x10003e30        0x0 linker stubs

.vfp11_veneer   0x10003e30        0x0
 .vfp11_veneer  0x10003e30        0x0 linker stubs

.v4_bx          0x10003e30        0x0
 .v4_bx         0x10003e30        0x0 linker stubs

.iplt           0x10003e30        0x0
 .iplt          0x10003e30        0x0 /home/manraj/.pico-sdk/toolchain/13_2_Rel1/bin/../lib/gcc/arm-none-eabi/13.2.1/thumb/v6-m/nofp/crtbegin.o

.rodata         0x10003e30      0xa9c
 *(EXCLUDE_FILE(*libm.a: *libc.a:*lib_a-mem*.o *libgcc.a:) .rodata*)
 .rodata.main.str1.4
                0x10003e30      0x71b CMakeFiles/mpu6050_i2c.dir/mpu6050_i2c.c.obj
                                 0x9a (size before relaxing)
 .rodata.panic.str1.4
                0x1000454b       0x12 CMakeFiles/mpu6050_i2c.dir/home/manraj/.pico-sdk/sdk/2.0.0/src/rp2_common/pico_platform_panic/panic.c.obj
 .rodata.resolve_j_16.str1.4
                0x1000454b       0x5b CMakeFiles/mpu6050_i2c.dir/home/manraj/.pico-sdk/sdk/2.0.0/src/rp2_common/hardware_irq/irq.c.obj
 .rodata.make_j_16.str1.4
                0x1000454b       0x30 CMakeFiles/mpu6050_i2c.dir/home/manraj/.pico-sdk/sdk/2.0.0/src/rp2_common/hardware_irq/irq.c.obj
 .rodata.insert_bl_32.str1.4
                0x1000454b       0x10 CMakeFiles/mpu6050_i2c.dir/home/manraj/.pico-sdk/sdk/2.0.0/src/rp2_common/hardware_irq/irq.c.obj
 .rodata.irq_set_exclusive_handler.str1.4
                0x1000454b       0x36 CMakeFiles/mpu6050_i2c.dir/home/manraj/.pico-sdk/sdk/2.0.0/src/rp2_common/hardware_irq/irq.c.obj
 .rodata.irq_remove_handler.str1.4
                0x1000454b       0x3a CMakeFiles/mpu6050_i2c.dir/home/manraj/.pico-sdk/sdk/2.0.0/src/rp2_common/hardware_irq/irq.c.obj
 .rodata.irq_add_tail_to_free_list.str1.4
                0x1000454b       0x3a CMakeFiles/mpu6050_i2c.dir/home/manraj/.pico-sdk/sdk/2.0.0/src/rp2_common/hardware_irq/irq.c.obj
 *fill*         0x1000454b        0x1 
 .rodata.__func__.0
                0x1000454c       0x1a CMakeFiles/mpu6050_i2c.dir/home/manraj/.pico-sdk/sdk/2.0.0/src/rp2_common/hardware_irq/irq.c.obj
 *fill*         0x10004566        0x2 
 .rodata.__func__.1
                0x10004568        0xd CMakeFiles/mpu6050_i2c.dir/home/manraj/.pico-sdk/sdk/2.0.0/src/rp2_common/hardware_irq/irq.c.obj
 *fill*         0x10004575        0x3 
 .rodata.__func__.2
                0x10004578       0x13 CMakeFiles/mpu6050_i2c.dir/home/manraj/.pico-sdk/sdk/2.0.0/src/rp2_common/hardware_irq/irq.c.obj
 *fill*         0x1000458b        0x1 
 .rodata.__func__.3
                0x1000458c        0xa CMakeFiles/mpu6050_i2c.dir/home/manraj/.pico-sdk/sdk/2.0.0/src/rp2_common/hardware_irq/irq.c.obj
 *fill*         0x10004596        0x2 
 .rodata.__func__.4
                0x10004598        0xd CMakeFiles/mpu6050_i2c.dir/home/manraj/.pico-sdk/sdk/2.0.0/src/rp2_common/hardware_irq/irq.c.obj
 *fill*         0x100045a5        0x3 
 .rodata.__func__.6
                0x100045a8       0x1a CMakeFiles/mpu6050_i2c.dir/home/manraj/.pico-sdk/sdk/2.0.0/src/rp2_common/hardware_irq/irq.c.obj
 .rodata.runtime_init_mutex.str1.4
                0x100045c2       0x5e CMakeFiles/mpu6050_i2c.dir/home/manraj/.pico-sdk/sdk/2.0.0/src/common/pico_sync/mutex.c.obj
 .rodata.str1.4
                0x100045c2       0x51 CMakeFiles/mpu6050_i2c.dir/home/manraj/.pico-sdk/sdk/2.0.0/src/common/pico_sync/mutex.c.obj
 *fill*         0x100045c2        0x2 
 .rodata.__func__.1
                0x100045c4        0xb CMakeFiles/mpu6050_i2c.dir/home/manraj/.pico-sdk/sdk/2.0.0/src/common/pico_sync/mutex.c.obj
 *fill*         0x100045cf        0x1 
 .rodata.__func__.3
                0x100045d0       0x18 CMakeFiles/mpu6050_i2c.dir/home/manraj/.pico-sdk/sdk/2.0.0/src/common/pico_sync/mutex.c.obj
 .rodata.__func__.6
                0x100045e8       0x13 CMakeFiles/mpu6050_i2c.dir/home/manraj/.pico-sdk/sdk/2.0.0/src/common/pico_sync/mutex.c.obj
 .rodata.alarm_pool_irq_handler.str1.4
                0x100045fb       0x69 CMakeFiles/mpu6050_i2c.dir/home/manraj/.pico-sdk/sdk/2.0.0/src/common/pico_time/time.c.obj
 .rodata.alarm_pool_get_default.str1.4
                0x100045fb       0x21 CMakeFiles/mpu6050_i2c.dir/home/manraj/.pico-sdk/sdk/2.0.0/src/common/pico_time/time.c.obj
 .rodata.sleep_until.str1.4
                0x100045fb       0x4d CMakeFiles/mpu6050_i2c.dir/home/manraj/.pico-sdk/sdk/2.0.0/src/common/pico_time/time.c.obj
 *fill*         0x100045fb        0x1 
 .rodata.__func__.1
                0x100045fc       0x17 CMakeFiles/mpu6050_i2c.dir/home/manraj/.pico-sdk/sdk/2.0.0/src/common/pico_time/time.c.obj
 *fill*         0x10004613        0x1 
 .rodata.__func__.2
                0x10004614       0x17 CMakeFiles/mpu6050_i2c.dir/home/manraj/.pico-sdk/sdk/2.0.0/src/common/pico_time/time.c.obj
 .rodata.timer_hardware_alarm_claim.str1.4
                0x1000462b       0x22 CMakeFiles/mpu6050_i2c.dir/home/manraj/.pico-sdk/sdk/2.0.0/src/rp2_common/hardware_timer/timer.c.obj
 .rodata.pll_init.str1.4
                0x1000462b      0x118 CMakeFiles/mpu6050_i2c.dir/home/manraj/.pico-sdk/sdk/2.0.0/src/rp2_common/hardware_pll/pll.c.obj
 *fill*         0x1000462b        0x1 
 .rodata.__func__.0
                0x1000462c        0x9 CMakeFiles/mpu6050_i2c.dir/home/manraj/.pico-sdk/sdk/2.0.0/src/rp2_common/hardware_pll/pll.c.obj
 .rodata.missing_double_func_shim.str1.4
                0x10004635       0x18 CMakeFiles/mpu6050_i2c.dir/home/manraj/.pico-sdk/sdk/2.0.0/src/rp2_common/pico_double/double_init_rom_rp2040.c.obj
 .rodata.__aeabi_double_init.str1.4
                0x10004635       0x99 CMakeFiles/mpu6050_i2c.dir/home/manraj/.pico-sdk/sdk/2.0.0/src/rp2_common/pico_double/double_init_rom_rp2040.c.obj
 *fill*         0x10004635        0x3 
 .rodata.__func__.0
                0x10004638       0x14 CMakeFiles/mpu6050_i2c.dir/home/manraj/.pico-sdk/sdk/2.0.0/src/rp2_common/pico_double/double_init_rom_rp2040.c.obj
 .rodata.missing_float_func_shim.str1.4
                0x1000464c        0x1 CMakeFiles/mpu6050_i2c.dir/home/manraj/.pico-sdk/sdk/2.0.0/src/rp2_common/pico_float/float_init_rom_rp2040.c.obj
 .rodata.__aeabi_float_init.str1.4
                0x1000464c       0x87 CMakeFiles/mpu6050_i2c.dir/home/manraj/.pico-sdk/sdk/2.0.0/src/rp2_common/pico_float/float_init_rom_rp2040.c.obj
 .rodata.__func__.0
                0x1000464c       0x13 CMakeFiles/mpu6050_i2c.dir/home/manraj/.pico-sdk/sdk/2.0.0/src/rp2_common/pico_float/float_init_rom_rp2040.c.obj
 .rodata.str1.4
                0x1000465f       0x30 CMakeFiles/mpu6050_i2c.dir/home/manraj/.pico-sdk/sdk/2.0.0/src/rp2_common/pico_standard_binary_info/standard_binary_info.c.obj
 *fill*         0x1000465f        0x1 
 .rodata.__bi_84
                0x10004660        0xc CMakeFiles/mpu6050_i2c.dir/home/manraj/.pico-sdk/sdk/2.0.0/src/rp2_common/pico_standard_binary_info/standard_binary_info.c.obj
 .rodata.__bi_54
                0x1000466c        0xc CMakeFiles/mpu6050_i2c.dir/home/manraj/.pico-sdk/sdk/2.0.0/src/rp2_common/pico_standard_binary_info/standard_binary_info.c.obj
 .rodata.__bi_48
                0x10004678        0xc CMakeFiles/mpu6050_i2c.dir/home/manraj/.pico-sdk/sdk/2.0.0/src/rp2_common/pico_standard_binary_info/standard_binary_info.c.obj
 .rodata.__bi_42
                0x10004684        0xc CMakeFiles/mpu6050_i2c.dir/home/manraj/.pico-sdk/sdk/2.0.0/src/rp2_common/pico_standard_binary_info/standard_binary_info.c.obj
 .rodata.__bi_34
                0x10004690        0xc CMakeFiles/mpu6050_i2c.dir/home/manraj/.pico-sdk/sdk/2.0.0/src/rp2_common/pico_standard_binary_info/standard_binary_info.c.obj
 .rodata.__bi_26
                0x1000469c        0xc CMakeFiles/mpu6050_i2c.dir/home/manraj/.pico-sdk/sdk/2.0.0/src/rp2_common/pico_standard_binary_info/standard_binary_info.c.obj
 .rodata._ftoa.str1.4
                0x100046a8       0x15 CMakeFiles/mpu6050_i2c.dir/home/manraj/.pico-sdk/sdk/2.0.0/src/rp2_common/pico_printf/printf.c.obj
 .rodata._vsnprintf
                0x100046a8      0x19c CMakeFiles/mpu6050_i2c.dir/home/manraj/.pico-sdk/sdk/2.0.0/src/rp2_common/pico_printf/printf.c.obj
 *fill*         0x10004844        0x4 
 .rodata.pow10.0
                0x10004848       0x50 CMakeFiles/mpu6050_i2c.dir/home/manraj/.pico-sdk/sdk/2.0.0/src/rp2_common/pico_printf/printf.c.obj
 .rodata.__assert_func.str1.4
                0x10004898       0x43 CMakeFiles/mpu6050_i2c.dir/home/manraj/.pico-sdk/sdk/2.0.0/src/rp2_common/pico_clib_interface/newlib_interface.c.obj
 .rodata.crlf_str.0
                0x10004898        0x2 CMakeFiles/mpu6050_i2c.dir/home/manraj/.pico-sdk/sdk/2.0.0/src/rp2_common/pico_stdio/stdio.c.obj
 .rodata.str1.4
                0x1000489a       0x2c CMakeFiles/mpu6050_i2c.dir/home/manraj/.pico-sdk/sdk/2.0.0/src/rp2_common/pico_stdio_uart/stdio_uart.c.obj
 *fill*         0x1000489a        0x2 
 .rodata.__bi_45.4
                0x1000489c        0xc CMakeFiles/mpu6050_i2c.dir/home/manraj/.pico-sdk/sdk/2.0.0/src/rp2_common/pico_stdio_uart/stdio_uart.c.obj
 .rodata.__bi_49.5
                0x100048a8        0x8 CMakeFiles/mpu6050_i2c.dir/home/manraj/.pico-sdk/sdk/2.0.0/src/rp2_common/pico_stdio_uart/stdio_uart.c.obj
 .rodata.__bi_50.6
                0x100048b0        0x8 CMakeFiles/mpu6050_i2c.dir/home/manraj/.pico-sdk/sdk/2.0.0/src/rp2_common/pico_stdio_uart/stdio_uart.c.obj
 .rodata.i2c_set_baudrate.str1.4
                0x100048b8       0x63 CMakeFiles/mpu6050_i2c.dir/home/manraj/.pico-sdk/sdk/2.0.0/src/rp2_common/hardware_i2c/i2c.c.obj
 .rodata.__func__.0
                0x100048b8       0x11 CMakeFiles/mpu6050_i2c.dir/home/manraj/.pico-sdk/sdk/2.0.0/src/rp2_common/hardware_i2c/i2c.c.obj
                0x1000491c                        . = ALIGN (0x4)
 *fill*         0x100048c9        0x3 
 *(SORT_BY_ALIGNMENT(SORT_BY_NAME(.flashdata*)))
                0x100048cc                        . = ALIGN (0x4)

.ARM.extab
 *(.ARM.extab* .gnu.linkonce.armextab.*)
                0x100048cc                        __exidx_start = .

.ARM.exidx
 *(.ARM.exidx* .gnu.linkonce.armexidx.*)
                0x100048cc                        __exidx_end = .
                0x100048cc                        . = ALIGN (0x4)
                0x100048cc                        __binary_info_start = .

.binary_info    0x100048cc       0x24
 *(.binary_info.keep.*)
 .binary_info.keep.__bi_ptr84
                0x100048cc        0x4 CMakeFiles/mpu6050_i2c.dir/home/manraj/.pico-sdk/sdk/2.0.0/src/rp2_common/pico_standard_binary_info/standard_binary_info.c.obj
 .binary_info.keep.__bi_ptr54
                0x100048d0        0x4 CMakeFiles/mpu6050_i2c.dir/home/manraj/.pico-sdk/sdk/2.0.0/src/rp2_common/pico_standard_binary_info/standard_binary_info.c.obj
 .binary_info.keep.__bi_ptr48
                0x100048d4        0x4 CMakeFiles/mpu6050_i2c.dir/home/manraj/.pico-sdk/sdk/2.0.0/src/rp2_common/pico_standard_binary_info/standard_binary_info.c.obj
 .binary_info.keep.__bi_ptr42
                0x100048d8        0x4 CMakeFiles/mpu6050_i2c.dir/home/manraj/.pico-sdk/sdk/2.0.0/src/rp2_common/pico_standard_binary_info/standard_binary_info.c.obj
 .binary_info.keep.__bi_ptr34
                0x100048dc        0x4 CMakeFiles/mpu6050_i2c.dir/home/manraj/.pico-sdk/sdk/2.0.0/src/rp2_common/pico_standard_binary_info/standard_binary_info.c.obj
 .binary_info.keep.__bi_ptr26
                0x100048e0        0x4 CMakeFiles/mpu6050_i2c.dir/home/manraj/.pico-sdk/sdk/2.0.0/src/rp2_common/pico_standard_binary_info/standard_binary_info.c.obj
 *(.binary_info.*)
 .binary_info.__bi_ptr50
                0x100048e4        0x4 CMakeFiles/mpu6050_i2c.dir/home/manraj/.pico-sdk/sdk/2.0.0/src/rp2_common/pico_stdio_uart/stdio_uart.c.obj
 .binary_info.__bi_ptr49
                0x100048e8        0x4 CMakeFiles/mpu6050_i2c.dir/home/manraj/.pico-sdk/sdk/2.0.0/src/rp2_common/pico_stdio_uart/stdio_uart.c.obj
 .binary_info.__bi_ptr45
                0x100048ec        0x4 CMakeFiles/mpu6050_i2c.dir/home/manraj/.pico-sdk/sdk/2.0.0/src/rp2_common/pico_stdio_uart/stdio_uart.c.obj
                0x100048f0                        __binary_info_end = .

.rel.dyn        0x100048f0        0x0
 .rel.iplt      0x100048f0        0x0 /home/manraj/.pico-sdk/toolchain/13_2_Rel1/bin/../lib/gcc/arm-none-eabi/13.2.1/thumb/v6-m/nofp/crtbegin.o
                0x100048f0                        . = ALIGN (0x4)

.ram_vector_table
                0x20000000       0xc0
 *(.ram_vector_table)
 .ram_vector_table
                0x20000000       0xc0 CMakeFiles/mpu6050_i2c.dir/home/manraj/.pico-sdk/sdk/2.0.0/src/rp2_common/pico_runtime_init/runtime_init.c.obj
                0x20000000                ram_vector_table

.uninitialized_data
                0x200000c0        0x0
                0x200000c0                        . = ALIGN (0x4)
 *(.uninitialized_data*)

.data           0x200000c0      0x238 load address 0x100048f0
                0x200000c0                        __data_start__ = .
 *(vtable)
 *(.time_critical*)
 .time_critical.mutex_try_enter
                0x200000c0       0x48 CMakeFiles/mpu6050_i2c.dir/home/manraj/.pico-sdk/sdk/2.0.0/src/common/pico_sync/mutex.c.obj
                0x200000c0                mutex_try_enter
 .time_critical.mutex_enter_block_until
                0x20000108       0x90 CMakeFiles/mpu6050_i2c.dir/home/manraj/.pico-sdk/sdk/2.0.0/src/common/pico_sync/mutex.c.obj
                0x20000108                mutex_enter_block_until
 .time_critical.mutex_try_enter_block_until
                0x20000198       0x34 CMakeFiles/mpu6050_i2c.dir/home/manraj/.pico-sdk/sdk/2.0.0/src/common/pico_sync/mutex.c.obj
                0x20000198                mutex_try_enter_block_until
 .time_critical.mutex_exit
                0x200001cc       0x4c CMakeFiles/mpu6050_i2c.dir/home/manraj/.pico-sdk/sdk/2.0.0/src/common/pico_sync/mutex.c.obj
                0x200001cc                mutex_exit
 *(.text*)
 .text          0x20000218        0x4 /home/manraj/.pico-sdk/toolchain/13_2_Rel1/bin/../lib/gcc/arm-none-eabi/13.2.1/thumb/v6-m/nofp/libgcc.a(_dvmd_tls.o)
                0x20000218                __aeabi_ldiv0
                0x20000218                __aeabi_idiv0
 *fill*         0x2000021c        0x4 
 .text.__stub   0x20000220       0x20 linker stubs
                0x20000240                        . = ALIGN (0x4)
 *(.rodata*)
                0x20000240                        . = ALIGN (0x4)
 *(.data*)
 .data.striped_spin_lock_num
                0x20000240        0x1 CMakeFiles/mpu6050_i2c.dir/home/manraj/.pico-sdk/sdk/2.0.0/src/rp2_common/hardware_sync/sync.c.obj
 *fill*         0x20000241        0x3 
 .data          0x20000244       0x48 CMakeFiles/mpu6050_i2c.dir/home/manraj/.pico-sdk/sdk/2.0.0/src/rp2_common/hardware_irq/irq_handler_chain.S.obj
                0x20000244                irq_handler_chain_slots
                0x20000274                irq_handler_chain_first_slot
                0x2000027e                irq_handler_chain_remove_tail
 .data.default_alarm_pool
                0x2000028c       0x18 CMakeFiles/mpu6050_i2c.dir/home/manraj/.pico-sdk/sdk/2.0.0/src/common/pico_time/time.c.obj
 *fill*         0x200002a4        0xc 
 .data.aeabi_bits_funcs
                0x200002b0       0x10 CMakeFiles/mpu6050_i2c.dir/home/manraj/.pico-sdk/sdk/2.0.0/src/rp2_common/pico_bit_ops/bit_ops_aeabi.S.obj
                0x200002b0                aeabi_bits_funcs
                0x200002c0                aeabi_bits_funcs_end
 .data.aeabi_mem_funcs
                0x200002c0       0x10 CMakeFiles/mpu6050_i2c.dir/home/manraj/.pico-sdk/sdk/2.0.0/src/rp2_common/pico_mem_ops/mem_ops_aeabi.S.obj
                0x200002c0                aeabi_mem_funcs
                0x200002d0                aeabi_mem_funcs_end
 .data.stdio_uart
                0x200002d0       0x18 CMakeFiles/mpu6050_i2c.dir/home/manraj/.pico-sdk/sdk/2.0.0/src/rp2_common/pico_stdio_uart/stdio_uart.c.obj
                0x200002d0                stdio_uart
 .data.i2c0_inst
                0x200002e8        0x8 CMakeFiles/mpu6050_i2c.dir/home/manraj/.pico-sdk/sdk/2.0.0/src/rp2_common/hardware_i2c/i2c.c.obj
                0x200002e8                i2c0_inst
                0x200002f0                        . = ALIGN (0x4)
 *(.after_data.*)
                0x200002f0                        . = ALIGN (0x4)
                0x200002f0                        PROVIDE (__mutex_array_start = .)
 *(SORT_BY_NAME(.mutex_array.*))
 *(.mutex_array)
 .mutex_array   0x200002f0        0x8 CMakeFiles/mpu6050_i2c.dir/home/manraj/.pico-sdk/sdk/2.0.0/src/rp2_common/pico_stdio/stdio.c.obj
                0x200002f8                        PROVIDE (__mutex_array_end = .)
                0x200002f8                        . = ALIGN (0x4)
 *(.jcr)
                0x200002f8                        . = ALIGN (0x4)

.tm_clone_table
                0x200002f8        0x0 load address 0x10004b28
 .tm_clone_table
                0x200002f8        0x0 /home/manraj/.pico-sdk/toolchain/13_2_Rel1/bin/../lib/gcc/arm-none-eabi/13.2.1/thumb/v6-m/nofp/crtbegin.o
 .tm_clone_table
                0x200002f8        0x0 /home/manraj/.pico-sdk/toolchain/13_2_Rel1/bin/../lib/gcc/arm-none-eabi/13.2.1/thumb/v6-m/nofp/crtend.o

.igot.plt       0x200002f8        0x0 load address 0x10004b28
 .igot.plt      0x200002f8        0x0 /home/manraj/.pico-sdk/toolchain/13_2_Rel1/bin/../lib/gcc/arm-none-eabi/13.2.1/thumb/v6-m/nofp/crtbegin.o

.tdata          0x200002f8        0x0 load address 0x10004b28
                0x200002f8                        . = ALIGN (0x4)
 *(.tdata .tdata.* .gnu.linkonce.td.*)
                0x200002f8                        __tdata_end = .
                0x200002f8                        PROVIDE (__data_end__ = .)
                0x100048f0                        __etext = LOADADDR (.data)

.tbss           0x200002f8        0x0 load address 0x10004b28
                0x200002f8                        . = ALIGN (0x4)
                0x200002f8                        __bss_start__ = .
                0x200002f8                        __tls_base = .
 *(.tbss .tbss.* .gnu.linkonce.tb.*)
 *(.tcommon)
                0x200002f8                        __tls_end = .

.bss            0x200002f8      0x3f8 load address 0x10004b28
                0x200002f8                        . = ALIGN (0x4)
                0x200002f8                        __tbss_end = .
 *(SORT_BY_ALIGNMENT(SORT_BY_NAME(.bss*)))
 .bss.default_alarm_pool_entries
                0x200002f8      0x180 CMakeFiles/mpu6050_i2c.dir/home/manraj/.pico-sdk/sdk/2.0.0/src/common/pico_time/time.c.obj
 .bss.chars_available_callback
                0x20000478        0x4 CMakeFiles/mpu6050_i2c.dir/home/manraj/.pico-sdk/sdk/2.0.0/src/rp2_common/pico_stdio_uart/stdio_uart.c.obj
 .bss.chars_available_param
                0x2000047c        0x4 CMakeFiles/mpu6050_i2c.dir/home/manraj/.pico-sdk/sdk/2.0.0/src/rp2_common/pico_stdio_uart/stdio_uart.c.obj
 .bss.claimed   0x20000480        0x1 CMakeFiles/mpu6050_i2c.dir/home/manraj/.pico-sdk/sdk/2.0.0/src/rp2_common/hardware_timer/timer.c.obj
 *fill*         0x20000481        0x3 
 .bss.configured_freq
                0x20000484       0x28 CMakeFiles/mpu6050_i2c.dir/home/manraj/.pico-sdk/sdk/2.0.0/src/rp2_common/hardware_clocks/clocks.c.obj
 .bss.drivers   0x200004ac        0x4 CMakeFiles/mpu6050_i2c.dir/home/manraj/.pico-sdk/sdk/2.0.0/src/rp2_common/pico_stdio/stdio.c.obj
 .bss.filter    0x200004b0        0x4 CMakeFiles/mpu6050_i2c.dir/home/manraj/.pico-sdk/sdk/2.0.0/src/rp2_common/pico_stdio/stdio.c.obj
 .bss.object.0  0x200004b4       0x18 /home/manraj/.pico-sdk/toolchain/13_2_Rel1/bin/../lib/gcc/arm-none-eabi/13.2.1/thumb/v6-m/nofp/crtbegin.o
 .bss.pools     0x200004cc       0x10 CMakeFiles/mpu6050_i2c.dir/home/manraj/.pico-sdk/sdk/2.0.0/src/common/pico_time/time.c.obj
 .bss.sd_table  0x200004dc      0x100 CMakeFiles/mpu6050_i2c.dir/home/manraj/.pico-sdk/sdk/2.0.0/src/rp2_common/pico_double/double_init_rom_rp2040.c.obj
                0x200004dc                sd_table
 .bss.sf_clz_func
                0x200005dc        0x4 CMakeFiles/mpu6050_i2c.dir/home/manraj/.pico-sdk/sdk/2.0.0/src/rp2_common/pico_double/double_init_rom_rp2040.c.obj
                0x200005dc                sf_clz_func
 .bss.sf_table  0x200005e0      0x100 CMakeFiles/mpu6050_i2c.dir/home/manraj/.pico-sdk/sdk/2.0.0/src/rp2_common/pico_float/float_init_rom_rp2040.c.obj
                0x200005e0                sf_table
 .bss.sleep_notifier
                0x200006e0        0x4 CMakeFiles/mpu6050_i2c.dir/home/manraj/.pico-sdk/sdk/2.0.0/src/common/pico_time/time.c.obj
 .bss.uart_char_to_line_feed
                0x200006e4        0x4 CMakeFiles/mpu6050_i2c.dir/home/manraj/.pico-sdk/sdk/2.0.0/src/rp2_common/hardware_uart/uart.c.obj
                0x200006e4                uart_char_to_line_feed
 .bss.uart_instance
                0x200006e8        0x4 CMakeFiles/mpu6050_i2c.dir/home/manraj/.pico-sdk/sdk/2.0.0/src/rp2_common/pico_stdio_uart/stdio_uart.c.obj
 .bss.irq_handler_chain_free_slot_head
                0x200006ec        0x1 CMakeFiles/mpu6050_i2c.dir/home/manraj/.pico-sdk/sdk/2.0.0/src/rp2_common/hardware_irq/irq.c.obj
 *(COMMON)
                0x200006f0                        . = ALIGN (0x4)
 *fill*         0x200006ed        0x3 
                0x200006f0                        __bss_end__ = .

.heap           0x200006f0    0x3f910 load address 0x10004b28
                0x200006f0                        __end__ = .
                0x200006f0                        end = __end__
 *(.heap*)
 .heap          0x200006f0      0x800 CMakeFiles/mpu6050_i2c.dir/home/manraj/.pico-sdk/sdk/2.0.0/src/rp2_common/pico_crt0/crt0.S.obj
                0x20040000                        . = (ORIGIN (RAM) + LENGTH (RAM))
 *fill*         0x20000ef0    0x3f110 
                0x20040000                        __HeapLimit = .

.scratch_x      0x20040000        0x0 load address 0x10004b28
                0x20040000                        __scratch_x_start__ = .
 *(.scratch_x.*)
                0x20040000                        . = ALIGN (0x4)
                0x20040000                        __scratch_x_end__ = .
                0x10004b28                        __scratch_x_source__ = LOADADDR (.scratch_x)

.scratch_y      0x20041000        0x0 load address 0x10004b28
                0x20041000                        __scratch_y_start__ = .
 *(.scratch_y.*)
                0x20041000                        . = ALIGN (0x4)
                0x20041000                        __scratch_y_end__ = .
                0x10004b28                        __scratch_y_source__ = LOADADDR (.scratch_y)

.stack1_dummy
 *(.stack1*)

.stack_dummy    0x20041000      0x800
 *(.stack*)
 .stack         0x20041000      0x800 CMakeFiles/mpu6050_i2c.dir/home/manraj/.pico-sdk/sdk/2.0.0/src/rp2_common/pico_crt0/crt0.S.obj

.flash_end      0x10004b28        0x0
 *(.embedded_end_block*)
                0x10004b28                        PROVIDE (__flash_binary_end = .)
                0x20040000                        __StackLimit = (ORIGIN (RAM) + LENGTH (RAM))
                0x20041000                        __StackOneTop = (ORIGIN (SCRATCH_X) + LENGTH (SCRATCH_X))
                0x20042000                        __StackTop = (ORIGIN (SCRATCH_Y) + LENGTH (SCRATCH_Y))
                0x20041000                        __StackOneBottom = (__StackOneTop - SIZEOF (.stack1_dummy))
                0x20041800                        __StackBottom = (__StackTop - SIZEOF (.stack_dummy))
                0x20042000                        PROVIDE (__stack = __StackTop)
                [!provide]                        PROVIDE (__heap_start = __end__)
                [!provide]                        PROVIDE (__heap_end = __HeapLimit)
                [!provide]                        PROVIDE (__tls_align = MAX (ALIGNOF (.tdata), ALIGNOF (.tbss)))
                [!provide]                        PROVIDE (__tls_size_align = (((__tls_size + __tls_align) - 0x1) & ~ ((__tls_align - 0x1))))
                [!provide]                        PROVIDE (__arm32_tls_tcb_offset = MAX (0x8, __tls_align))
                [!provide]                        PROVIDE (_end = __end__)
                [!provide]                        PROVIDE (__llvm_libc_heap_limit = __HeapLimit)
                0x00000001                        ASSERT ((__StackLimit >= __HeapLimit), region RAM overflowed)
                0x00000001                        ASSERT (((__binary_info_header_end - __logical_binary_start) <= 0x100), Binary info must be in first 256 bytes of the binary)
LOAD CMakeFiles/mpu6050_i2c.dir/mpu6050_i2c.c.obj
LOAD CMakeFiles/mpu6050_i2c.dir/home/manraj/.pico-sdk/sdk/2.0.0/src/rp2_common/pico_stdlib/stdlib.c.obj
LOAD CMakeFiles/mpu6050_i2c.dir/home/manraj/.pico-sdk/sdk/2.0.0/src/rp2_common/hardware_gpio/gpio.c.obj
LOAD CMakeFiles/mpu6050_i2c.dir/home/manraj/.pico-sdk/sdk/2.0.0/src/rp2040/pico_platform/platform.c.obj
LOAD CMakeFiles/mpu6050_i2c.dir/home/manraj/.pico-sdk/sdk/2.0.0/src/rp2_common/pico_platform_panic/panic.c.obj
LOAD CMakeFiles/mpu6050_i2c.dir/home/manraj/.pico-sdk/sdk/2.0.0/src/common/hardware_claim/claim.c.obj
LOAD CMakeFiles/mpu6050_i2c.dir/home/manraj/.pico-sdk/sdk/2.0.0/src/rp2_common/hardware_sync/sync.c.obj
LOAD CMakeFiles/mpu6050_i2c.dir/home/manraj/.pico-sdk/sdk/2.0.0/src/rp2_common/hardware_sync_spin_lock/sync_spin_lock.c.obj
LOAD CMakeFiles/mpu6050_i2c.dir/home/manraj/.pico-sdk/sdk/2.0.0/src/rp2_common/hardware_irq/irq.c.obj
LOAD CMakeFiles/mpu6050_i2c.dir/home/manraj/.pico-sdk/sdk/2.0.0/src/rp2_common/hardware_irq/irq_handler_chain.S.obj
LOAD CMakeFiles/mpu6050_i2c.dir/home/manraj/.pico-sdk/sdk/2.0.0/src/common/pico_sync/sem.c.obj
LOAD CMakeFiles/mpu6050_i2c.dir/home/manraj/.pico-sdk/sdk/2.0.0/src/common/pico_sync/lock_core.c.obj
LOAD CMakeFiles/mpu6050_i2c.dir/home/manraj/.pico-sdk/sdk/2.0.0/src/common/pico_sync/mutex.c.obj
LOAD CMakeFiles/mpu6050_i2c.dir/home/manraj/.pico-sdk/sdk/2.0.0/src/common/pico_sync/critical_section.c.obj
LOAD CMakeFiles/mpu6050_i2c.dir/home/manraj/.pico-sdk/sdk/2.0.0/src/common/pico_time/time.c.obj
LOAD CMakeFiles/mpu6050_i2c.dir/home/manraj/.pico-sdk/sdk/2.0.0/src/common/pico_time/timeout_helper.c.obj
LOAD CMakeFiles/mpu6050_i2c.dir/home/manraj/.pico-sdk/sdk/2.0.0/src/rp2_common/hardware_timer/timer.c.obj
LOAD CMakeFiles/mpu6050_i2c.dir/home/manraj/.pico-sdk/sdk/2.0.0/src/common/pico_util/datetime.c.obj
LOAD CMakeFiles/mpu6050_i2c.dir/home/manraj/.pico-sdk/sdk/2.0.0/src/common/pico_util/pheap.c.obj
LOAD CMakeFiles/mpu6050_i2c.dir/home/manraj/.pico-sdk/sdk/2.0.0/src/common/pico_util/queue.c.obj
LOAD CMakeFiles/mpu6050_i2c.dir/home/manraj/.pico-sdk/sdk/2.0.0/src/rp2_common/hardware_uart/uart.c.obj
LOAD CMakeFiles/mpu6050_i2c.dir/home/manraj/.pico-sdk/sdk/2.0.0/src/rp2_common/hardware_clocks/clocks.c.obj
LOAD CMakeFiles/mpu6050_i2c.dir/home/manraj/.pico-sdk/sdk/2.0.0/src/rp2_common/hardware_pll/pll.c.obj
LOAD CMakeFiles/mpu6050_i2c.dir/home/manraj/.pico-sdk/sdk/2.0.0/src/rp2_common/hardware_vreg/vreg.c.obj
LOAD CMakeFiles/mpu6050_i2c.dir/home/manraj/.pico-sdk/sdk/2.0.0/src/rp2_common/hardware_watchdog/watchdog.c.obj
LOAD CMakeFiles/mpu6050_i2c.dir/home/manraj/.pico-sdk/sdk/2.0.0/src/rp2_common/hardware_ticks/ticks.c.obj
LOAD CMakeFiles/mpu6050_i2c.dir/home/manraj/.pico-sdk/sdk/2.0.0/src/rp2_common/hardware_xosc/xosc.c.obj
LOAD CMakeFiles/mpu6050_i2c.dir/home/manraj/.pico-sdk/sdk/2.0.0/src/rp2_common/hardware_divider/divider.S.obj
LOAD CMakeFiles/mpu6050_i2c.dir/home/manraj/.pico-sdk/sdk/2.0.0/src/rp2_common/pico_runtime/runtime.c.obj
LOAD CMakeFiles/mpu6050_i2c.dir/home/manraj/.pico-sdk/sdk/2.0.0/src/rp2_common/pico_runtime_init/runtime_init.c.obj
LOAD CMakeFiles/mpu6050_i2c.dir/home/manraj/.pico-sdk/sdk/2.0.0/src/rp2_common/pico_runtime_init/runtime_init_clocks.c.obj
LOAD CMakeFiles/mpu6050_i2c.dir/home/manraj/.pico-sdk/sdk/2.0.0/src/rp2_common/pico_runtime_init/runtime_init_stack_guard.c.obj
LOAD CMakeFiles/mpu6050_i2c.dir/home/manraj/.pico-sdk/sdk/2.0.0/src/rp2_common/pico_bit_ops/bit_ops_aeabi.S.obj
LOAD CMakeFiles/mpu6050_i2c.dir/home/manraj/.pico-sdk/sdk/2.0.0/src/rp2_common/pico_bootrom/bootrom.c.obj
LOAD CMakeFiles/mpu6050_i2c.dir/home/manraj/.pico-sdk/sdk/2.0.0/src/rp2_common/pico_bootrom/bootrom_lock.c.obj
LOAD CMakeFiles/mpu6050_i2c.dir/home/manraj/.pico-sdk/sdk/2.0.0/src/rp2_common/hardware_boot_lock/boot_lock.c.obj
LOAD CMakeFiles/mpu6050_i2c.dir/home/manraj/.pico-sdk/sdk/2.0.0/src/rp2_common/pico_divider/divider_hardware.S.obj
LOAD CMakeFiles/mpu6050_i2c.dir/home/manraj/.pico-sdk/sdk/2.0.0/src/rp2_common/pico_double/double_aeabi_rp2040.S.obj
LOAD CMakeFiles/mpu6050_i2c.dir/home/manraj/.pico-sdk/sdk/2.0.0/src/rp2_common/pico_double/double_init_rom_rp2040.c.obj
LOAD CMakeFiles/mpu6050_i2c.dir/home/manraj/.pico-sdk/sdk/2.0.0/src/rp2_common/pico_double/double_math.c.obj
LOAD CMakeFiles/mpu6050_i2c.dir/home/manraj/.pico-sdk/sdk/2.0.0/src/rp2_common/pico_double/double_v1_rom_shim_rp2040.S.obj
LOAD CMakeFiles/mpu6050_i2c.dir/home/manraj/.pico-sdk/sdk/2.0.0/src/rp2_common/pico_int64_ops/pico_int64_ops_aeabi.S.obj
LOAD CMakeFiles/mpu6050_i2c.dir/home/manraj/.pico-sdk/sdk/2.0.0/src/rp2_common/pico_float/float_aeabi_rp2040.S.obj
LOAD CMakeFiles/mpu6050_i2c.dir/home/manraj/.pico-sdk/sdk/2.0.0/src/rp2_common/pico_float/float_init_rom_rp2040.c.obj
LOAD CMakeFiles/mpu6050_i2c.dir/home/manraj/.pico-sdk/sdk/2.0.0/src/rp2_common/pico_float/float_math.c.obj
LOAD CMakeFiles/mpu6050_i2c.dir/home/manraj/.pico-sdk/sdk/2.0.0/src/rp2_common/pico_float/float_v1_rom_shim_rp2040.S.obj
LOAD CMakeFiles/mpu6050_i2c.dir/home/manraj/.pico-sdk/sdk/2.0.0/src/rp2_common/pico_malloc/malloc.c.obj
LOAD CMakeFiles/mpu6050_i2c.dir/home/manraj/.pico-sdk/sdk/2.0.0/src/rp2_common/pico_mem_ops/mem_ops_aeabi.S.obj
LOAD CMakeFiles/mpu6050_i2c.dir/home/manraj/.pico-sdk/sdk/2.0.0/src/rp2_common/pico_atomic/atomic.c.obj
LOAD CMakeFiles/mpu6050_i2c.dir/home/manraj/.pico-sdk/sdk/2.0.0/src/rp2_common/pico_cxx_options/new_delete.cpp.obj
LOAD CMakeFiles/mpu6050_i2c.dir/home/manraj/.pico-sdk/sdk/2.0.0/src/rp2_common/pico_standard_binary_info/standard_binary_info.c.obj
LOAD CMakeFiles/mpu6050_i2c.dir/home/manraj/.pico-sdk/sdk/2.0.0/src/rp2_common/pico_printf/printf.c.obj
LOAD CMakeFiles/mpu6050_i2c.dir/home/manraj/.pico-sdk/sdk/2.0.0/src/rp2_common/pico_crt0/crt0.S.obj
LOAD CMakeFiles/mpu6050_i2c.dir/home/manraj/.pico-sdk/sdk/2.0.0/src/rp2_common/pico_clib_interface/newlib_interface.c.obj
LOAD CMakeFiles/mpu6050_i2c.dir/home/manraj/.pico-sdk/sdk/2.0.0/src/rp2_common/pico_stdio/stdio.c.obj
LOAD CMakeFiles/mpu6050_i2c.dir/home/manraj/.pico-sdk/sdk/2.0.0/src/rp2_common/pico_stdio_uart/stdio_uart.c.obj
LOAD CMakeFiles/mpu6050_i2c.dir/home/manraj/.pico-sdk/sdk/2.0.0/src/rp2_common/hardware_i2c/i2c.c.obj
LOAD /tmp/ccShd4bt.o
LOAD /home/manraj/.pico-sdk/toolchain/13_2_Rel1/bin/../lib/gcc/arm-none-eabi/13.2.1/../../../../arm-none-eabi/lib/thumb/v6-m/nofp/libstdc++.a
LOAD /home/manraj/.pico-sdk/toolchain/13_2_Rel1/bin/../lib/gcc/arm-none-eabi/13.2.1/../../../../arm-none-eabi/lib/thumb/v6-m/nofp/libm.a
START GROUP
LOAD /home/manraj/.pico-sdk/toolchain/13_2_Rel1/bin/../lib/gcc/arm-none-eabi/13.2.1/thumb/v6-m/nofp/libgcc.a
LOAD /home/manraj/.pico-sdk/toolchain/13_2_Rel1/bin/../lib/gcc/arm-none-eabi/13.2.1/../../../../arm-none-eabi/lib/thumb/v6-m/nofp/libg.a
LOAD /home/manraj/.pico-sdk/toolchain/13_2_Rel1/bin/../lib/gcc/arm-none-eabi/13.2.1/../../../../arm-none-eabi/lib/thumb/v6-m/nofp/libc.a
END GROUP
START GROUP
LOAD /home/manraj/.pico-sdk/toolchain/13_2_Rel1/bin/../lib/gcc/arm-none-eabi/13.2.1/thumb/v6-m/nofp/libgcc.a
LOAD /home/manraj/.pico-sdk/toolchain/13_2_Rel1/bin/../lib/gcc/arm-none-eabi/13.2.1/../../../../arm-none-eabi/lib/thumb/v6-m/nofp/libc.a
LOAD /home/manraj/.pico-sdk/toolchain/13_2_Rel1/bin/../lib/gcc/arm-none-eabi/13.2.1/../../../../arm-none-eabi/lib/thumb/v6-m/nofp/libnosys.a
END GROUP
LOAD /home/manraj/.pico-sdk/toolchain/13_2_Rel1/bin/../lib/gcc/arm-none-eabi/13.2.1/thumb/v6-m/nofp/crtend.o
LOAD /home/manraj/.pico-sdk/toolchain/13_2_Rel1/bin/../lib/gcc/arm-none-eabi/13.2.1/thumb/v6-m/nofp/crtn.o
OUTPUT(mpu6050_i2c.elf elf32-littlearm)
LOAD linker stubs

.ARM.attributes
                0x00000000       0x28
 .ARM.attributes
                0x00000000       0x1e /home/manraj/.pico-sdk/toolchain/13_2_Rel1/bin/../lib/gcc/arm-none-eabi/13.2.1/thumb/v6-m/nofp/crti.o
 .ARM.attributes
                0x0000001e       0x2c /home/manraj/.pico-sdk/toolchain/13_2_Rel1/bin/../lib/gcc/arm-none-eabi/13.2.1/thumb/v6-m/nofp/crtbegin.o
 .ARM.attributes
                0x0000004a       0x2c CMakeFiles/mpu6050_i2c.dir/mpu6050_i2c.c.obj
 .ARM.attributes
                0x00000076       0x2c CMakeFiles/mpu6050_i2c.dir/home/manraj/.pico-sdk/sdk/2.0.0/src/rp2_common/hardware_gpio/gpio.c.obj
 .ARM.attributes
                0x000000a2       0x2c CMakeFiles/mpu6050_i2c.dir/home/manraj/.pico-sdk/sdk/2.0.0/src/rp2_common/pico_platform_panic/panic.c.obj
 .ARM.attributes
                0x000000ce       0x2c CMakeFiles/mpu6050_i2c.dir/home/manraj/.pico-sdk/sdk/2.0.0/src/common/hardware_claim/claim.c.obj
 .ARM.attributes
                0x000000fa       0x2c CMakeFiles/mpu6050_i2c.dir/home/manraj/.pico-sdk/sdk/2.0.0/src/rp2_common/hardware_sync/sync.c.obj
 .ARM.attributes
                0x00000126       0x2c CMakeFiles/mpu6050_i2c.dir/home/manraj/.pico-sdk/sdk/2.0.0/src/rp2_common/hardware_sync_spin_lock/sync_spin_lock.c.obj
 .ARM.attributes
                0x00000152       0x2c CMakeFiles/mpu6050_i2c.dir/home/manraj/.pico-sdk/sdk/2.0.0/src/rp2_common/hardware_irq/irq.c.obj
 .ARM.attributes
                0x0000017e       0x22 CMakeFiles/mpu6050_i2c.dir/home/manraj/.pico-sdk/sdk/2.0.0/src/rp2_common/hardware_irq/irq_handler_chain.S.obj
 .ARM.attributes
                0x000001a0       0x2c CMakeFiles/mpu6050_i2c.dir/home/manraj/.pico-sdk/sdk/2.0.0/src/common/pico_sync/lock_core.c.obj
 .ARM.attributes
                0x000001cc       0x2c CMakeFiles/mpu6050_i2c.dir/home/manraj/.pico-sdk/sdk/2.0.0/src/common/pico_sync/mutex.c.obj
 .ARM.attributes
                0x000001f8       0x2c CMakeFiles/mpu6050_i2c.dir/home/manraj/.pico-sdk/sdk/2.0.0/src/common/pico_time/time.c.obj
 .ARM.attributes
                0x00000224       0x2c CMakeFiles/mpu6050_i2c.dir/home/manraj/.pico-sdk/sdk/2.0.0/src/rp2_common/hardware_timer/timer.c.obj
 .ARM.attributes
                0x00000250       0x2c CMakeFiles/mpu6050_i2c.dir/home/manraj/.pico-sdk/sdk/2.0.0/src/rp2_common/hardware_uart/uart.c.obj
 .ARM.attributes
                0x0000027c       0x2c CMakeFiles/mpu6050_i2c.dir/home/manraj/.pico-sdk/sdk/2.0.0/src/rp2_common/hardware_clocks/clocks.c.obj
 .ARM.attributes
                0x000002a8       0x2c CMakeFiles/mpu6050_i2c.dir/home/manraj/.pico-sdk/sdk/2.0.0/src/rp2_common/hardware_pll/pll.c.obj
 .ARM.attributes
                0x000002d4       0x2c CMakeFiles/mpu6050_i2c.dir/home/manraj/.pico-sdk/sdk/2.0.0/src/rp2_common/hardware_ticks/ticks.c.obj
 .ARM.attributes
                0x00000300       0x2c CMakeFiles/mpu6050_i2c.dir/home/manraj/.pico-sdk/sdk/2.0.0/src/rp2_common/hardware_xosc/xosc.c.obj
 .ARM.attributes
                0x0000032c       0x2c CMakeFiles/mpu6050_i2c.dir/home/manraj/.pico-sdk/sdk/2.0.0/src/rp2_common/pico_runtime/runtime.c.obj
 .ARM.attributes
                0x00000358       0x2c CMakeFiles/mpu6050_i2c.dir/home/manraj/.pico-sdk/sdk/2.0.0/src/rp2_common/pico_runtime_init/runtime_init.c.obj
 .ARM.attributes
                0x00000384       0x2c CMakeFiles/mpu6050_i2c.dir/home/manraj/.pico-sdk/sdk/2.0.0/src/rp2_common/pico_runtime_init/runtime_init_clocks.c.obj
 .ARM.attributes
                0x000003b0       0x22 CMakeFiles/mpu6050_i2c.dir/home/manraj/.pico-sdk/sdk/2.0.0/src/rp2_common/pico_bit_ops/bit_ops_aeabi.S.obj
 .ARM.attributes
                0x000003d2       0x2c CMakeFiles/mpu6050_i2c.dir/home/manraj/.pico-sdk/sdk/2.0.0/src/rp2_common/pico_bootrom/bootrom.c.obj
 .ARM.attributes
                0x000003fe       0x22 CMakeFiles/mpu6050_i2c.dir/home/manraj/.pico-sdk/sdk/2.0.0/src/rp2_common/pico_divider/divider_hardware.S.obj
 .ARM.attributes
                0x00000420       0x22 CMakeFiles/mpu6050_i2c.dir/home/manraj/.pico-sdk/sdk/2.0.0/src/rp2_common/pico_double/double_aeabi_rp2040.S.obj
 .ARM.attributes
                0x00000442       0x2c CMakeFiles/mpu6050_i2c.dir/home/manraj/.pico-sdk/sdk/2.0.0/src/rp2_common/pico_double/double_init_rom_rp2040.c.obj
 .ARM.attributes
                0x0000046e       0x22 CMakeFiles/mpu6050_i2c.dir/home/manraj/.pico-sdk/sdk/2.0.0/src/rp2_common/pico_double/double_v1_rom_shim_rp2040.S.obj
 .ARM.attributes
                0x00000490       0x22 CMakeFiles/mpu6050_i2c.dir/home/manraj/.pico-sdk/sdk/2.0.0/src/rp2_common/pico_int64_ops/pico_int64_ops_aeabi.S.obj
 .ARM.attributes
                0x000004b2       0x22 CMakeFiles/mpu6050_i2c.dir/home/manraj/.pico-sdk/sdk/2.0.0/src/rp2_common/pico_float/float_aeabi_rp2040.S.obj
 .ARM.attributes
                0x000004d4       0x2c CMakeFiles/mpu6050_i2c.dir/home/manraj/.pico-sdk/sdk/2.0.0/src/rp2_common/pico_float/float_init_rom_rp2040.c.obj
 .ARM.attributes
                0x00000500       0x22 CMakeFiles/mpu6050_i2c.dir/home/manraj/.pico-sdk/sdk/2.0.0/src/rp2_common/pico_mem_ops/mem_ops_aeabi.S.obj
 .ARM.attributes
                0x00000522       0x2c CMakeFiles/mpu6050_i2c.dir/home/manraj/.pico-sdk/sdk/2.0.0/src/rp2_common/pico_standard_binary_info/standard_binary_info.c.obj
 .ARM.attributes
                0x0000054e       0x2c CMakeFiles/mpu6050_i2c.dir/home/manraj/.pico-sdk/sdk/2.0.0/src/rp2_common/pico_printf/printf.c.obj
 .ARM.attributes
                0x0000057a       0x22 CMakeFiles/mpu6050_i2c.dir/home/manraj/.pico-sdk/sdk/2.0.0/src/rp2_common/pico_crt0/crt0.S.obj
 .ARM.attributes
                0x0000059c       0x2c CMakeFiles/mpu6050_i2c.dir/home/manraj/.pico-sdk/sdk/2.0.0/src/rp2_common/pico_clib_interface/newlib_interface.c.obj
 .ARM.attributes
                0x000005c8       0x2c CMakeFiles/mpu6050_i2c.dir/home/manraj/.pico-sdk/sdk/2.0.0/src/rp2_common/pico_stdio/stdio.c.obj
 .ARM.attributes
                0x000005f4       0x2c CMakeFiles/mpu6050_i2c.dir/home/manraj/.pico-sdk/sdk/2.0.0/src/rp2_common/pico_stdio_uart/stdio_uart.c.obj
 .ARM.attributes
                0x00000620       0x2c CMakeFiles/mpu6050_i2c.dir/home/manraj/.pico-sdk/sdk/2.0.0/src/rp2_common/hardware_i2c/i2c.c.obj
 .ARM.attributes
                0x0000064c       0x22 /tmp/ccShd4bt.o
 .ARM.attributes
                0x0000066e       0x1e /home/manraj/.pico-sdk/toolchain/13_2_Rel1/bin/../lib/gcc/arm-none-eabi/13.2.1/thumb/v6-m/nofp/libgcc.a(_dvmd_tls.o)
 .ARM.attributes
                0x0000068c       0x2c /home/manraj/.pico-sdk/toolchain/13_2_Rel1/bin/../lib/gcc/arm-none-eabi/13.2.1/../../../../arm-none-eabi/lib/thumb/v6-m/nofp/libg.a(libc_a-strlen-stub.o)
 .ARM.attributes
                0x000006b8       0x2c /home/manraj/.pico-sdk/toolchain/13_2_Rel1/bin/../lib/gcc/arm-none-eabi/13.2.1/thumb/v6-m/nofp/crtend.o

.comment        0x00000000       0x44
 .comment       0x00000000       0x44 CMakeFiles/mpu6050_i2c.dir/mpu6050_i2c.c.obj
                                 0x45 (size before relaxing)
 .comment       0x00000044       0x45 CMakeFiles/mpu6050_i2c.dir/home/manraj/.pico-sdk/sdk/2.0.0/src/rp2_common/hardware_gpio/gpio.c.obj
 .comment       0x00000044       0x45 CMakeFiles/mpu6050_i2c.dir/home/manraj/.pico-sdk/sdk/2.0.0/src/rp2_common/pico_platform_panic/panic.c.obj
 .comment       0x00000044       0x45 CMakeFiles/mpu6050_i2c.dir/home/manraj/.pico-sdk/sdk/2.0.0/src/common/hardware_claim/claim.c.obj
 .comment       0x00000044       0x45 CMakeFiles/mpu6050_i2c.dir/home/manraj/.pico-sdk/sdk/2.0.0/src/rp2_common/hardware_sync/sync.c.obj
 .comment       0x00000044       0x45 CMakeFiles/mpu6050_i2c.dir/home/manraj/.pico-sdk/sdk/2.0.0/src/rp2_common/hardware_sync_spin_lock/sync_spin_lock.c.obj
 .comment       0x00000044       0x45 CMakeFiles/mpu6050_i2c.dir/home/manraj/.pico-sdk/sdk/2.0.0/src/rp2_common/hardware_irq/irq.c.obj
 .comment       0x00000044       0x45 CMakeFiles/mpu6050_i2c.dir/home/manraj/.pico-sdk/sdk/2.0.0/src/common/pico_sync/lock_core.c.obj
 .comment       0x00000044       0x45 CMakeFiles/mpu6050_i2c.dir/home/manraj/.pico-sdk/sdk/2.0.0/src/common/pico_sync/mutex.c.obj
 .comment       0x00000044       0x45 CMakeFiles/mpu6050_i2c.dir/home/manraj/.pico-sdk/sdk/2.0.0/src/common/pico_time/time.c.obj
 .comment       0x00000044       0x45 CMakeFiles/mpu6050_i2c.dir/home/manraj/.pico-sdk/sdk/2.0.0/src/rp2_common/hardware_timer/timer.c.obj
 .comment       0x00000044       0x45 CMakeFiles/mpu6050_i2c.dir/home/manraj/.pico-sdk/sdk/2.0.0/src/rp2_common/hardware_uart/uart.c.obj
 .comment       0x00000044       0x45 CMakeFiles/mpu6050_i2c.dir/home/manraj/.pico-sdk/sdk/2.0.0/src/rp2_common/hardware_clocks/clocks.c.obj
 .comment       0x00000044       0x45 CMakeFiles/mpu6050_i2c.dir/home/manraj/.pico-sdk/sdk/2.0.0/src/rp2_common/hardware_pll/pll.c.obj
 .comment       0x00000044       0x45 CMakeFiles/mpu6050_i2c.dir/home/manraj/.pico-sdk/sdk/2.0.0/src/rp2_common/hardware_ticks/ticks.c.obj
 .comment       0x00000044       0x45 CMakeFiles/mpu6050_i2c.dir/home/manraj/.pico-sdk/sdk/2.0.0/src/rp2_common/hardware_xosc/xosc.c.obj
 .comment       0x00000044       0x45 CMakeFiles/mpu6050_i2c.dir/home/manraj/.pico-sdk/sdk/2.0.0/src/rp2_common/pico_runtime/runtime.c.obj
 .comment       0x00000044       0x45 CMakeFiles/mpu6050_i2c.dir/home/manraj/.pico-sdk/sdk/2.0.0/src/rp2_common/pico_runtime_init/runtime_init.c.obj
 .comment       0x00000044       0x45 CMakeFiles/mpu6050_i2c.dir/home/manraj/.pico-sdk/sdk/2.0.0/src/rp2_common/pico_runtime_init/runtime_init_clocks.c.obj
 .comment       0x00000044       0x45 CMakeFiles/mpu6050_i2c.dir/home/manraj/.pico-sdk/sdk/2.0.0/src/rp2_common/pico_bootrom/bootrom.c.obj
 .comment       0x00000044       0x45 CMakeFiles/mpu6050_i2c.dir/home/manraj/.pico-sdk/sdk/2.0.0/src/rp2_common/pico_double/double_init_rom_rp2040.c.obj
 .comment       0x00000044       0x45 CMakeFiles/mpu6050_i2c.dir/home/manraj/.pico-sdk/sdk/2.0.0/src/rp2_common/pico_float/float_init_rom_rp2040.c.obj
 .comment       0x00000044       0x45 CMakeFiles/mpu6050_i2c.dir/home/manraj/.pico-sdk/sdk/2.0.0/src/rp2_common/pico_standard_binary_info/standard_binary_info.c.obj
 .comment       0x00000044       0x45 CMakeFiles/mpu6050_i2c.dir/home/manraj/.pico-sdk/sdk/2.0.0/src/rp2_common/pico_printf/printf.c.obj
 .comment       0x00000044       0x45 CMakeFiles/mpu6050_i2c.dir/home/manraj/.pico-sdk/sdk/2.0.0/src/rp2_common/pico_clib_interface/newlib_interface.c.obj
 .comment       0x00000044       0x45 CMakeFiles/mpu6050_i2c.dir/home/manraj/.pico-sdk/sdk/2.0.0/src/rp2_common/pico_stdio/stdio.c.obj
 .comment       0x00000044       0x45 CMakeFiles/mpu6050_i2c.dir/home/manraj/.pico-sdk/sdk/2.0.0/src/rp2_common/pico_stdio_uart/stdio_uart.c.obj
 .comment       0x00000044       0x45 CMakeFiles/mpu6050_i2c.dir/home/manraj/.pico-sdk/sdk/2.0.0/src/rp2_common/hardware_i2c/i2c.c.obj

.debug_info     0x00000000    0x17fdb
 .debug_info    0x00000000      0xb2b CMakeFiles/mpu6050_i2c.dir/mpu6050_i2c.c.obj
 .debug_info    0x00000b2b     0x1d3f CMakeFiles/mpu6050_i2c.dir/home/manraj/.pico-sdk/sdk/2.0.0/src/rp2_common/hardware_gpio/gpio.c.obj
 .debug_info    0x0000286a      0x1b4 CMakeFiles/mpu6050_i2c.dir/home/manraj/.pico-sdk/sdk/2.0.0/src/rp2_common/pico_platform_panic/panic.c.obj
 .debug_info    0x00002a1e      0x6b1 CMakeFiles/mpu6050_i2c.dir/home/manraj/.pico-sdk/sdk/2.0.0/src/common/hardware_claim/claim.c.obj
 .debug_info    0x000030cf      0x465 CMakeFiles/mpu6050_i2c.dir/home/manraj/.pico-sdk/sdk/2.0.0/src/rp2_common/hardware_sync/sync.c.obj
 .debug_info    0x00003534      0x2f7 CMakeFiles/mpu6050_i2c.dir/home/manraj/.pico-sdk/sdk/2.0.0/src/rp2_common/hardware_sync_spin_lock/sync_spin_lock.c.obj
 .debug_info    0x0000382b     0x1fe9 CMakeFiles/mpu6050_i2c.dir/home/manraj/.pico-sdk/sdk/2.0.0/src/rp2_common/hardware_irq/irq.c.obj
 .debug_info    0x00005814      0x1af CMakeFiles/mpu6050_i2c.dir/home/manraj/.pico-sdk/sdk/2.0.0/src/common/pico_sync/lock_core.c.obj
 .debug_info    0x000059c3     0x1e7c CMakeFiles/mpu6050_i2c.dir/home/manraj/.pico-sdk/sdk/2.0.0/src/common/pico_sync/mutex.c.obj
 .debug_info    0x0000783f     0x3353 CMakeFiles/mpu6050_i2c.dir/home/manraj/.pico-sdk/sdk/2.0.0/src/common/pico_time/time.c.obj
 .debug_info    0x0000ab92     0x19b0 CMakeFiles/mpu6050_i2c.dir/home/manraj/.pico-sdk/sdk/2.0.0/src/rp2_common/hardware_timer/timer.c.obj
 .debug_info    0x0000c542     0x12e5 CMakeFiles/mpu6050_i2c.dir/home/manraj/.pico-sdk/sdk/2.0.0/src/rp2_common/hardware_uart/uart.c.obj
 .debug_info    0x0000d827     0x1509 CMakeFiles/mpu6050_i2c.dir/home/manraj/.pico-sdk/sdk/2.0.0/src/rp2_common/hardware_clocks/clocks.c.obj
 .debug_info    0x0000ed30      0x64f CMakeFiles/mpu6050_i2c.dir/home/manraj/.pico-sdk/sdk/2.0.0/src/rp2_common/hardware_pll/pll.c.obj
 .debug_info    0x0000f37f      0x2b2 CMakeFiles/mpu6050_i2c.dir/home/manraj/.pico-sdk/sdk/2.0.0/src/rp2_common/hardware_ticks/ticks.c.obj
 .debug_info    0x0000f631      0x1d0 CMakeFiles/mpu6050_i2c.dir/home/manraj/.pico-sdk/sdk/2.0.0/src/rp2_common/hardware_xosc/xosc.c.obj
 .debug_info    0x0000f801      0x1bc CMakeFiles/mpu6050_i2c.dir/home/manraj/.pico-sdk/sdk/2.0.0/src/rp2_common/pico_runtime/runtime.c.obj
 .debug_info    0x0000f9bd      0x7ad CMakeFiles/mpu6050_i2c.dir/home/manraj/.pico-sdk/sdk/2.0.0/src/rp2_common/pico_runtime_init/runtime_init.c.obj
 .debug_info    0x0001016a      0x765 CMakeFiles/mpu6050_i2c.dir/home/manraj/.pico-sdk/sdk/2.0.0/src/rp2_common/pico_runtime_init/runtime_init_clocks.c.obj
 .debug_info    0x000108cf       0x23 CMakeFiles/mpu6050_i2c.dir/home/manraj/.pico-sdk/sdk/2.0.0/src/rp2_common/pico_bit_ops/bit_ops_aeabi.S.obj
 .debug_info    0x000108f2      0x3d6 CMakeFiles/mpu6050_i2c.dir/home/manraj/.pico-sdk/sdk/2.0.0/src/rp2_common/pico_bootrom/bootrom.c.obj
 .debug_info    0x00010cc8       0x23 CMakeFiles/mpu6050_i2c.dir/home/manraj/.pico-sdk/sdk/2.0.0/src/rp2_common/pico_divider/divider_hardware.S.obj
 .debug_info    0x00010ceb       0x23 CMakeFiles/mpu6050_i2c.dir/home/manraj/.pico-sdk/sdk/2.0.0/src/rp2_common/pico_double/double_aeabi_rp2040.S.obj
 .debug_info    0x00010d0e      0x376 CMakeFiles/mpu6050_i2c.dir/home/manraj/.pico-sdk/sdk/2.0.0/src/rp2_common/pico_double/double_init_rom_rp2040.c.obj
 .debug_info    0x00011084       0x24 CMakeFiles/mpu6050_i2c.dir/home/manraj/.pico-sdk/sdk/2.0.0/src/rp2_common/pico_double/double_v1_rom_shim_rp2040.S.obj
 .debug_info    0x000110a8       0x24 CMakeFiles/mpu6050_i2c.dir/home/manraj/.pico-sdk/sdk/2.0.0/src/rp2_common/pico_int64_ops/pico_int64_ops_aeabi.S.obj
 .debug_info    0x000110cc       0x23 CMakeFiles/mpu6050_i2c.dir/home/manraj/.pico-sdk/sdk/2.0.0/src/rp2_common/pico_float/float_aeabi_rp2040.S.obj
 .debug_info    0x000110ef      0x338 CMakeFiles/mpu6050_i2c.dir/home/manraj/.pico-sdk/sdk/2.0.0/src/rp2_common/pico_float/float_init_rom_rp2040.c.obj
 .debug_info    0x00011427       0x23 CMakeFiles/mpu6050_i2c.dir/home/manraj/.pico-sdk/sdk/2.0.0/src/rp2_common/pico_mem_ops/mem_ops_aeabi.S.obj
 .debug_info    0x0001144a      0x28e CMakeFiles/mpu6050_i2c.dir/home/manraj/.pico-sdk/sdk/2.0.0/src/rp2_common/pico_standard_binary_info/standard_binary_info.c.obj
 .debug_info    0x000116d8     0x19dc CMakeFiles/mpu6050_i2c.dir/home/manraj/.pico-sdk/sdk/2.0.0/src/rp2_common/pico_printf/printf.c.obj
 .debug_info    0x000130b4       0x23 CMakeFiles/mpu6050_i2c.dir/home/manraj/.pico-sdk/sdk/2.0.0/src/rp2_common/pico_crt0/crt0.S.obj
 .debug_info    0x000130d7      0xbb8 CMakeFiles/mpu6050_i2c.dir/home/manraj/.pico-sdk/sdk/2.0.0/src/rp2_common/pico_clib_interface/newlib_interface.c.obj
 .debug_info    0x00013c8f     0x151b CMakeFiles/mpu6050_i2c.dir/home/manraj/.pico-sdk/sdk/2.0.0/src/rp2_common/pico_stdio/stdio.c.obj
 .debug_info    0x000151aa     0x140d CMakeFiles/mpu6050_i2c.dir/home/manraj/.pico-sdk/sdk/2.0.0/src/rp2_common/pico_stdio_uart/stdio_uart.c.obj
 .debug_info    0x000165b7     0x1a24 CMakeFiles/mpu6050_i2c.dir/home/manraj/.pico-sdk/sdk/2.0.0/src/rp2_common/hardware_i2c/i2c.c.obj

.debug_abbrev   0x00000000     0x51fa
 .debug_abbrev  0x00000000      0x297 CMakeFiles/mpu6050_i2c.dir/mpu6050_i2c.c.obj
 .debug_abbrev  0x00000297      0x42d CMakeFiles/mpu6050_i2c.dir/home/manraj/.pico-sdk/sdk/2.0.0/src/rp2_common/hardware_gpio/gpio.c.obj
 .debug_abbrev  0x000006c4      0x12d CMakeFiles/mpu6050_i2c.dir/home/manraj/.pico-sdk/sdk/2.0.0/src/rp2_common/pico_platform_panic/panic.c.obj
 .debug_abbrev  0x000007f1      0x2b4 CMakeFiles/mpu6050_i2c.dir/home/manraj/.pico-sdk/sdk/2.0.0/src/common/hardware_claim/claim.c.obj
 .debug_abbrev  0x00000aa5      0x1f4 CMakeFiles/mpu6050_i2c.dir/home/manraj/.pico-sdk/sdk/2.0.0/src/rp2_common/hardware_sync/sync.c.obj
 .debug_abbrev  0x00000c99      0x1f0 CMakeFiles/mpu6050_i2c.dir/home/manraj/.pico-sdk/sdk/2.0.0/src/rp2_common/hardware_sync_spin_lock/sync_spin_lock.c.obj
 .debug_abbrev  0x00000e89      0x5d8 CMakeFiles/mpu6050_i2c.dir/home/manraj/.pico-sdk/sdk/2.0.0/src/rp2_common/hardware_irq/irq.c.obj
 .debug_abbrev  0x00001461      0x116 CMakeFiles/mpu6050_i2c.dir/home/manraj/.pico-sdk/sdk/2.0.0/src/common/pico_sync/lock_core.c.obj
 .debug_abbrev  0x00001577      0x424 CMakeFiles/mpu6050_i2c.dir/home/manraj/.pico-sdk/sdk/2.0.0/src/common/pico_sync/mutex.c.obj
 .debug_abbrev  0x0000199b      0x630 CMakeFiles/mpu6050_i2c.dir/home/manraj/.pico-sdk/sdk/2.0.0/src/common/pico_time/time.c.obj
 .debug_abbrev  0x00001fcb      0x473 CMakeFiles/mpu6050_i2c.dir/home/manraj/.pico-sdk/sdk/2.0.0/src/rp2_common/hardware_timer/timer.c.obj
 .debug_abbrev  0x0000243e      0x342 CMakeFiles/mpu6050_i2c.dir/home/manraj/.pico-sdk/sdk/2.0.0/src/rp2_common/hardware_uart/uart.c.obj
 .debug_abbrev  0x00002780      0x431 CMakeFiles/mpu6050_i2c.dir/home/manraj/.pico-sdk/sdk/2.0.0/src/rp2_common/hardware_clocks/clocks.c.obj
 .debug_abbrev  0x00002bb1      0x20e CMakeFiles/mpu6050_i2c.dir/home/manraj/.pico-sdk/sdk/2.0.0/src/rp2_common/hardware_pll/pll.c.obj
 .debug_abbrev  0x00002dbf      0x152 CMakeFiles/mpu6050_i2c.dir/home/manraj/.pico-sdk/sdk/2.0.0/src/rp2_common/hardware_ticks/ticks.c.obj
 .debug_abbrev  0x00002f11      0x11d CMakeFiles/mpu6050_i2c.dir/home/manraj/.pico-sdk/sdk/2.0.0/src/rp2_common/hardware_xosc/xosc.c.obj
 .debug_abbrev  0x0000302e      0x149 CMakeFiles/mpu6050_i2c.dir/home/manraj/.pico-sdk/sdk/2.0.0/src/rp2_common/pico_runtime/runtime.c.obj
 .debug_abbrev  0x00003177      0x20f CMakeFiles/mpu6050_i2c.dir/home/manraj/.pico-sdk/sdk/2.0.0/src/rp2_common/pico_runtime_init/runtime_init.c.obj
 .debug_abbrev  0x00003386      0x2b3 CMakeFiles/mpu6050_i2c.dir/home/manraj/.pico-sdk/sdk/2.0.0/src/rp2_common/pico_runtime_init/runtime_init_clocks.c.obj
 .debug_abbrev  0x00003639       0x12 CMakeFiles/mpu6050_i2c.dir/home/manraj/.pico-sdk/sdk/2.0.0/src/rp2_common/pico_bit_ops/bit_ops_aeabi.S.obj
 .debug_abbrev  0x0000364b      0x1a0 CMakeFiles/mpu6050_i2c.dir/home/manraj/.pico-sdk/sdk/2.0.0/src/rp2_common/pico_bootrom/bootrom.c.obj
 .debug_abbrev  0x000037eb       0x12 CMakeFiles/mpu6050_i2c.dir/home/manraj/.pico-sdk/sdk/2.0.0/src/rp2_common/pico_divider/divider_hardware.S.obj
 .debug_abbrev  0x000037fd       0x12 CMakeFiles/mpu6050_i2c.dir/home/manraj/.pico-sdk/sdk/2.0.0/src/rp2_common/pico_double/double_aeabi_rp2040.S.obj
 .debug_abbrev  0x0000380f      0x1c7 CMakeFiles/mpu6050_i2c.dir/home/manraj/.pico-sdk/sdk/2.0.0/src/rp2_common/pico_double/double_init_rom_rp2040.c.obj
 .debug_abbrev  0x000039d6       0x14 CMakeFiles/mpu6050_i2c.dir/home/manraj/.pico-sdk/sdk/2.0.0/src/rp2_common/pico_double/double_v1_rom_shim_rp2040.S.obj